[38;2;136;136;136m20:39:47[0m [38;2;136;136;136mINFO   [0m [38;2;215;119;87m[isaac_env][0m [38;2;255;255;255mStarting Isaac Sim Go2 environment[0m
Starting kit application with the following args:  ['C:\\isaac_sim_600\\exts\\isaacsim.simulation_app\\isaacsim\\simulation_app\\simulation_app.py', 'C:\\isaac_sim_600\\apps/isaacsim.exp.base.python.kit', '--/app/tokens/exe-path=C:\\isaac_sim_600\\kit', '--/persistent/app/viewport/displayOptions=3094', '--/rtx/materialDb/syncLoads=True', '--/rtx/hydra/materialSyncLoads=True', '--/omni.kit.plugin/syncUsdLoads=True', '--/app/renderer/resolution/width=1280', '--/app/renderer/resolution/height=720', '--/app/window/width=1440', '--/app/window/height=900', '--/renderer/multiGpu/enabled=False', '--/app/fastShutdown=True', '--/app/installSignalHandlers=0', '--ext-folder', 'C:\\isaac_sim_600/exts', '--ext-folder', 'C:\\isaac_sim_600/apps', '--/physics/cudaDevice=0', '--/plugins/carb.tasking.plugin/threadCount=16', '--/plugins/omni.tbb.globalcontrol/maxThreadCount=16', '--portable', '--no-window', '--/app/window/hideUi=1']
Passing the following args to the base kit application:  ['--person-move', '--person-approach-turns', '2', '--person-approach-amplitude', '0.5', '--go2-x', '-4.5', '--frame-host', '127.0.0.1', '--frame-port', '52002', '--cmd-port', '52100', '--log-dir', 'C:\\Users\\antho\\Downloads\\Stair-Climbing-Robotic-Dog-for-Oxygen-Therapy-Patients\\log\\run_sim_20260705_203946_563', '--no-view-follow-camera', '--locomotion-policy', 'pgtt', '--pgtt-level', 'level17', '--pgtt-action-scale', '0.5', '--pgtt-heightscan-scale', '1', '--parkour-heading-mode', 'hybrid', '--parkour-mask-fill', 'terrain', '--stair-preset', 'commercial', '--stair-step-height', '0.12', '--headless', '--fast-render', '--warm-isaac', '--warm-command-file', 'C:\\Users\\antho\\Downloads\\Stair-Climbing-Robotic-Dog-for-Oxygen-Therapy-Patients\\log\\warm_isaac\\command.json', '--warm-max-runs', '11', '--handoff-climb-backend', 'blind_rl', '--with-o2-payload']
2026-07-06T00:39:47Z [Info] [carb] Logging to file: c:/isaac_sim_600/kit/logs/Kit/Isaac-Sim Python/6.0/kit_20260705_203947.log
[0.180s] [ext: omni.assets.plugins-0.0.0] startup
[0.191s] [ext: omni.blobkey-1.1.2] startup
[0.193s] [ext: omni.kit.async_engine-0.0.3] startup
[1.923s] [ext: omni.client.lib-1.1.1] startup
[1.984s] [ext: omni.client-1.3.0] startup
[2.621s] [ext: omni.protobuf.lib-1.0.0] startup
[2.623s] [ext: omni.grpc.lib-1.0.0] startup
[2.625s] [ext: omni.metrics.core-0.0.3] startup
[2.627s] [ext: omni.datastore-0.0.0] startup
[2.631s] [ext: omni.gpu_foundation.shadercache.vulkan-1.0.0] startup
[2.639s] [ext: omni.hsscclient-1.1.4] startup
[2.642s] [ext: omni.stats-1.0.1] startup
[2.647s] [ext: omni.ujitso.default-1.0.0] startup
[2.667s] [ext: omni.gpu_foundation-0.0.0] startup
[2.757s] [ext: carb.windowing.plugins-1.0.1] startup
[2.762s] [ext: omni.kit.renderer.init-1.0.1] startup
[2.764s] [ext: omni.kit.pipapi-0.0.0] startup
[2.766s] [ext: omni.kit.pip_archive-0.0.0] startup
[2.768s] [ext: isaacsim.pip.newton-0.6.0] startup
[2.768s] [ext: omni.pip.compute-1.9.0] startup
[2.769s] [ext: omni.isaac.core_archive-5.3.0] startup
[2.770s] [ext: omni.kit.telemetry-0.5.2] startup
[2.799s] [ext: omni.kit.loop-isaac-1.6.0] startup
[2.805s] [ext: omni.kit.test-2.0.7] startup
[2.998s] [ext: omni.materialx.libs-1.0.9] startup
[3.049s] [ext: omni.gpucompute.plugins-0.0.0] startup
[3.053s] [ext: omni.usd.config-1.0.7] startup
[3.073s] [ext: omni.usd.libs-1.0.3] startup
2026-07-06T00:39:51Z [3,250ms] [Warning] [omni.rtx] Skipping unsupported non-NVIDIA GPU: Intel(R) UHD Graphics
2026-07-06T00:39:51Z [3,251ms] [Warning] [omni.rtx] Skipping unsupported non-NVIDIA GPU: Intel(R) UHD Graphics
[3.542s] [ext: omni.iray.libs-0.0.1] startup

|---------------------------------------------------------------------------------------------|
| Driver Version: 561.17        | Graphics API: Vulkan
|=============================================================================================|
| GPU | Name                             | Active | LDA | GPU Memory | Vendor-ID | LUID       |
|     |                                  |        |     |            | Device-ID | UUID       |
|     |                                  |        |     |            | Bus-ID    |            |
|---------------------------------------------------------------------------------------------|
| 0   | NVIDIA GeForce RTX 4070 Laptop.. | Yes: 0 |     | 7948    MB | 10de      | f82b0100.. |
|     |                                  |        |     |            | 2860      | 057f8559.. |
|     |                                  |        |     |            | 1         |            |
|---------------------------------------------------------------------------------------------|
| 1   | Intel(R) UHD Graphics            |        |     | 8005    MB | 8086      | f7270100.. |
|     |                                  |        |     |            | a7a8      | 8680a8a7.. |
|     |                                  |        |     |            | N/A       |            |
|=============================================================================================|
| OS: Windows 11 Home, Version: 10.0 (25H2), Build: 26200, Kernel: 10.0.26100.8655
| Processor: 13th Gen Intel(R) Core(TM) i7-13620H
| Cores: 10 | Logical Cores: 16
|---------------------------------------------------------------------------------------------|
| Total Memory (MB): 16010 | Free Memory: 1505
| Total Page/Swap (MB): 58770 | Free Page/Swap: 15269
|---------------------------------------------------------------------------------------------|
[3.818s] [ext: omni.mdl-57.0.3] startup
[4.042s] [ext: omni.mdl.neuraylib-0.2.20] startup
[4.060s] [ext: omni.kit.usd.mdl-1.1.9] startup
[4.482s] [ext: omni.appwindow-1.2.2] startup
[4.492s] [ext: omni.kit.renderer.core-1.2.2] startup
[4.503s] [ext: omni.kit.renderer.capture-2.0.1] startup
[4.512s] [ext: omni.kit.renderer.imgui-2.0.6] startup
[4.540s] [ext: omni.ui-3.1.3] startup
[4.575s] [ext: omni.kit.mainwindow-1.0.3] startup
[4.580s] [ext: carb.audio-0.1.0] startup
[4.583s] [ext: omni.uiaudio-1.0.0] startup
[4.587s] [ext: omni.kit.uiapp-0.0.0] startup
[4.588s] [ext: omni.usd.schema.metrics.assembler-110.1.0] startup
[4.597s] [ext: omni.usd.schema.audio-0.0.1] startup
[4.609s] [ext: omni.usd_resolver-1.0.0] startup
[4.626s] [ext: omni.usd.core-1.8.3] startup
[4.642s] [ext: omni.metropolis.schema-0.0.3] startup
[4.644s] [ext: isaacsim.anim.robot.schema-0.1.1] startup
[4.646s] [ext: omni.usd.schema.anim-0.0.1] startup
[4.714s] [ext: omni.usd.schema.geospatial-0.0.1] startup
[4.723s] [ext: omni.usd.schema.omnigraph-1.0.1] startup
[4.741s] [ext: omni.usd.schema.semantics-0.0.0] startup
[4.750s] [ext: omni.activity.core-1.0.3] startup
[4.755s] [ext: omni.cubric-0.1.0] startup
[4.758s] [ext: omni.graph.exec-0.9.6] startup
[4.759s] [ext: omni.hydra.scene_delegate-0.3.5] startup
[4.767s] [ext: usdrt.scenegraph-7.6.3] startup
[4.871s] [ext: omni.hydra.usdrt_delegate-7.5.2] startup
[4.890s] [ext: omni.inspect-1.0.2] startup
[4.896s] [ext: omni.kit.actions.core-1.0.0] startup
[4.904s] [ext: omni.kit.audiodeviceenum-1.0.2] startup
[4.910s] [ext: omni.kit.commands-1.5.0] startup
[4.921s] [ext: omni.kit.exec.core-0.13.5] startup
[4.929s] [ext: omni.kit.usd_undo-0.1.8] startup
[4.930s] [ext: omni.kit.window.popup_dialog-2.0.25] startup
[4.942s] [ext: omni.kit.widget.nucleus_connector-2.3.1] startup
[4.951s] [ext: omni.timeline-1.1.0] startup
[4.959s] [ext: omni.usd-1.15.2] startup
[5.089s] [ext: omni.graph.core-3.1.2] startup
[5.106s] [ext: omni.kit.notification_manager-1.0.11] startup
[5.111s] [ext: isaacsim.core.deprecation_manager-0.4.2] startup
[5.114s] [ext: isaacsim.replicator.agent.schema-0.1.1] startup
[5.116s] [ext: isaacsim.robot.schema-6.3.6] startup
[5.130s] [ext: isaacsim.robot_motion.schema-0.2.0] startup
[5.133s] [ext: omni.anim.behavior.schema-110.1.0] startup
[5.148s] [ext: omni.anim.graph.schema-110.1.1] startup
[5.172s] [ext: omni.anim.navigation.schema-110.1.0] startup
[5.184s] [ext: omni.behavior.tree.schema-110.1.0] startup
[5.186s] [ext: omni.isaac.ml_archive-3.3.0] startup
[5.187s] [ext: omni.kit.asset_converter-5.1.4] startup
[5.221s] [ext: omni.pip.cloud-1.5.3] startup
[5.225s] [ext: omni.usd.schema.flow-110.0.0] startup
[5.227s] [ext: omni.usd.schema.mujoco-1.1.0] startup
[5.229s] [ext: omni.usd.schema.newton-1.2.0] startup
[5.231s] [ext: omni.usd.schema.omni_lens_distortion-1.0.0] startup
[5.233s] [ext: omni.usd.schema.omni_projectors-1.0.0] startup
[5.235s] [ext: omni.usd.schema.omni_sensors-0.0.0] startup
[5.254s] [ext: omni.usd.schema.omniscripting-1.0.1] startup
[5.267s] [ext: omni.usd.schema.physical_lighting-0.1.0] startup
[5.276s] [ext: omni.usd.schema.physx-110.1.11] startup
[5.352s] [ext: omni.usd.schema.render_settings.rtx-1.0.2] startup
[5.364s] [ext: omni.usd.schema.usd_particle_field-1.0.0] startup
[5.366s] [ext: isaacsim.core.version-2.1.0] startup
[5.368s] [ext: omni.kit.menu.core-1.2.0] startup
[5.370s] [ext: omni.kit.menu.utils-2.2.3] startup
[5.388s] [ext: isaacsim.app.about-2.3.0] startup
[5.404s] [ext: isaacsim.asset.transformer-1.2.3] startup
[5.411s] [ext: omni.scene.optimizer.core-110.1.0] startup
[5.530s] [ext: isaacsim.asset.importer.utils-1.8.0] startup
[5.537s] [ext: omni.convexdecomposition-110.1.11] startup
[5.545s] [ext: omni.physics-110.1.11] startup
[5.557s] [ext: omni.physx.gpu-110.1.11] startup
[5.559s] [ext: omni.physx.foundation-110.1.11] startup
[5.582s] [ext: omni.usdphysics-110.1.11] startup
[5.587s] [ext: omni.physx.cooking-110.1.11] startup
[5.598s] [ext: omni.physx-110.1.11] startup
[5.636s] [ext: omni.physics.physx-110.1.11] startup
[5.640s] [ext: isaacsim.asset.exporter.urdf-2.0.3] startup
[5.656s] [ext: omni.kit.clipboard-1.1.1] startup
[5.659s] [ext: omni.kit.usd.layers-2.6.1] startup
[5.681s] [ext: omni.kit.widget.context_menu-1.4.0] startup
[5.685s] [ext: omni.kit.context_menu-1.9.0] startup
[5.689s] [ext: omni.kit.helper.file_utils-0.1.10] startup
[5.692s] [ext: omni.kit.widget.nucleus_info-2.0.2] startup
[5.694s] [ext: omni.kit.search_core-1.0.8] startup
[5.696s] [ext: omni.kit.widget.path_field-2.0.13] startup
[5.699s] [ext: omni.kit.widget.browser_bar-2.0.10] startup
[5.701s] [ext: omni.kit.widget.filebrowser-2.13.4] startup
[5.716s] [ext: omni.kit.widget.options_menu-1.1.6] startup
[5.724s] [ext: omni.kit.widget.options_button-1.0.3] startup
[5.726s] [ext: omni.kit.widget.search_delegate-1.0.9] startup
[5.729s] [ext: omni.ui.scene-2.0.1] startup
[5.746s] [ext: omni.kit.window.filepicker-2.15.5] startup
[5.786s] [ext: omni.kit.window.file_importer-1.1.21] startup
[5.798s] [ext: omni.kit.material.library-3.1.2] startup
[5.814s] [ext: isaacsim.asset.transformer.rules-1.7.8] startup
[5.840s] [ext: omni.usdex.libs-2.2.2] startup
[5.864s] [ext: isaacsim.asset.importer.mjcf-3.10.0] startup
[5.869s] [ext: isaacsim.asset.importer.urdf-3.11.0] startup
[5.877s] [ext: omni.kit.primitive.mesh-1.1.0] startup
[5.887s] [ext: omni.kit.stage_template.core-1.1.22] startup
[5.889s] [ext: omni.kit.stage_templates-2.0.2] startup
[5.894s] [ext: omni.usd.metrics.assembler-110.1.2] startup
[5.902s] [ext: omni.warp.core-1.13.0] startup
[6.136s] [ext: isaacsim.core.experimental.utils-0.17.1] startup
[6.139s] [ext: omni.physics.stageupdate-110.1.11] startup
[6.147s] [ext: omni.physics.tensors-110.1.11] startup
[6.169s] [ext: omni.physx.tensors-110.1.11] startup
[6.178s] [ext: isaacsim.core.simulation_manager-1.15.4] startup
2026-07-06T00:39:53Z [6,083ms] [Warning] [isaacsim.core.simulation_manager.plugin] USD stage is not available; stage-opened subscription is deferred
2026-07-06T00:39:53Z [6,084ms] [Warning] [isaacsim.core.simulation_manager.plugin] USD stage is not available; stage-opened subscription is deferred
[6.211s] [ext: isaacsim.storage.native-1.9.2] startup
[6.216s] [ext: omni.usd.metrics.assembler.physics-110.1.11] startup
[6.219s] [ext: isaacsim.core.utils-4.1.6] startup
[6.228s] [ext: isaacsim.core.prims-0.11.6] startup
[9.999s] [ext: isaacsim.core.api-5.2.12] startup
[10.029s] [ext: isaacsim.core.cloner-1.7.2] startup
[10.034s] [ext: isaacsim.test.docstring-1.3.1] startup
[10.045s] [ext: isaacsim.core.experimental.prims-1.8.8] startup
[10.089s] [ext: isaacsim.core.experimental.primdata-0.3.2] startup
[10.094s] [ext: omni.graph.tools-1.81.0] startup
[10.161s] [ext: omni.graph-1.142.5] startup
[10.264s] [ext: isaacsim.core.experimental.actuators-0.1.0] startup
[12.792s] [ext: isaacsim.core.experimental.materials-0.7.0] startup
[12.804s] [ext: isaacsim.core.experimental.objects-0.8.0] startup
[12.926s] [ext: omni.hydra.engine.stats-1.0.5] startup
[12.932s] [ext: omni.hydra.rtx.shadercache.vulkan-1.0.0] startup
[12.935s] [ext: omni.index.libs-387500.3473.0] startup
[12.935s] [ext: omni.index-1.0.1] startup
[12.939s] [ext: omni.ujitso.client-0.0.0] startup
[12.940s] [ext: omni.usd.schema.playback-1.0.0] startup
[12.948s] [ext: omni.volume-0.5.2] startup
[12.972s] [ext: omni.hydra.rtx-1.0.3] startup
[13.210s] [ext: omni.kit.hydra_texture-1.6.0] startup
[13.220s] [ext: omni.kit.raycast.query-1.2.0] startup
[13.229s] [ext: omni.kit.viewport.legacy_gizmos-1.0.24] startup
[13.235s] [ext: omni.kit.viewport.registry-104.0.6] startup
[13.237s] [ext: omni.kit.viewport.scene_camera_model-1.0.7] startup
[13.243s] [ext: omni.kit.widget.viewport-109.2.0] startup
[13.257s] [ext: omni.kit.window.drop_support-1.0.8] startup
[13.259s] [ext: omni.kit.viewport.window-109.0.2] startup
[13.479s] [ext: omni.kit.viewport.utility-2.0.1] startup
[13.481s] [ext: isaacsim.core.rendering_manager-0.4.2] startup
[13.508s] [ext: omni.graph.action_core-1.1.9] startup
[13.518s] [ext: omni.graph.action_nodes_core-2.10.2] startup
[13.528s] [ext: omni.graph.action_nodes-2.10.3] startup
[13.585s] [ext: omni.graph.action-2.10.2] startup
[13.587s] [ext: omni.graph.image.core-0.6.1] startup
[13.593s] [ext: omni.graph.image.nodes-1.3.1] startup
[13.599s] [ext: omni.graph.nodes_core-2.10.3] startup
[13.644s] [ext: omni.graph.nodes-2.11.1] startup
[13.679s] [ext: omni.kit.hotkeys.core-1.3.12] startup
[13.682s] [ext: omni.kit.property.adapter.core-1.1.1] startup
[13.688s] [ext: omni.kit.property.adapter.usd-1.0.5] startup
[13.693s] [ext: omni.kit.widget.filter-1.1.5] startup
[13.695s] [ext: omni.kit.widget.highlight_label-1.0.3] startup
[13.697s] [ext: omni.kit.widget.searchfield-1.1.8] startup
[13.702s] [ext: omni.kit.window.file_exporter-1.0.36] startup
[13.704s] [ext: omni.kit.widget.stage-4.3.0] startup
[13.731s] [ext: omni.kit.window.content_browser_registry-0.0.6] startup
[13.733s] [ext: omni.kit.window.file-2.0.10] startup
[13.742s] [ext: omni.kit.window.content_browser-3.1.8] startup
[13.765s] [ext: omni.kit.window.property-1.15.1] startup
[13.809s] [ext: omni.kit.property.usd-4.8.1] startup
[13.834s] [ext: omni.graph.scriptnode-2.10.2] startup
[13.864s] [ext: omni.kit.widget.searchable_combobox-1.0.7] startup
[13.868s] [ext: omni.kit.widget.settings-2.0.0] startup
[13.874s] [ext: omni.kit.window.preferences-1.8.3] startup
[13.891s] [ext: omni.kit.viewport.menubar.core-107.2.2] startup
[13.926s] [ext: omni.syntheticdata-0.6.15] startup
[13.998s] [ext: omni.replicator.nv-1.1.1] startup
[14.014s] [ext: omni.videoencoding-0.2.1] startup
[14.023s] [ext: omni.replicator.core-1.13.25] startup
2026-07-06T00:40:01Z [13,933ms] [Warning] [pxr.Semantics] pxr.Semantics is deprecated - please use Semantics instead
Warp 1.13.0 initialized:
   CUDA Toolkit 12.9, Driver 12.6
   Devices:
     "cpu"      : "Intel64 Family 6 Model 186 Stepping 2, GenuineIntel"
     "cuda:0"   : "NVIDIA GeForce RTX 4070 Laptop GPU" (8 GiB, sm_89, mempool enabled)
   Kernel cache:
     \\?\C:\Users\antho\AppData\Local\NVIDIA\warp\Cache\1.13.0
2026-07-06T00:40:02Z [14,310ms] [Warning] [omni.replicator.core.scripts.extension] No material configuration file, adding configuration to material settings directly.
[14.794s] [ext: isaacsim.core.nodes-5.10.4] startup
[14.893s] [ext: isaacsim.core.throttling-2.3.3] startup
[14.896s] [ext: omni.kit.manipulator.viewport-107.0.1] startup
[14.900s] [ext: omni.graph.visualization.nodes-2.1.4] startup
[14.944s] [ext: omni.kit.window.extensions-1.5.7] startup
[14.961s] [ext: isaacsim.gui.components-1.8.4] startup
[14.971s] [ext: isaacsim.robot.surface_gripper-3.6.1] startup
[15.011s] [ext: isaacsim.robot.manipulators-3.4.4] startup
[15.048s] [ext: isaacsim.robot_motion.lula-4.1.2] startup
[15.069s] [ext: isaacsim.robot_motion.motion_generation-8.2.8] startup
[15.090s] [ext: isaacsim.cortex.framework-1.0.17] startup
[15.093s] [ext: isaacsim.cortex.behaviors-2.0.16] startup
[15.096s] [ext: isaacsim.examples.base-1.3.1] startup
[15.100s] [ext: omni.kit.widget.zoombar-1.0.7] startup
[15.103s] [ext: omni.kit.browser.core-2.3.18] startup
[15.116s] [ext: omni.kit.browser.folder.core-2.0.2] startup
[15.130s] [ext: omni.kit.widget.stage_icons-1.0.8] startup
[15.134s] [ext: omni.kit.window.stage-2.6.1] startup
[15.144s] [ext: omni.kit.menu.stage-1.2.7] startup
[15.148s] [ext: omni.kit.usd.collect-3.0.5] startup
[15.156s] [ext: omni.kit.widget.prompt-1.0.7] startup
[15.160s] [ext: omni.kit.tool.collect-2.2.19] startup
[15.167s] [ext: isaacsim.examples.browser-0.3.1] startup
[15.174s] [ext: omni.kit.search.files-1.0.4] startup
[15.177s] [ext: omni.kit.widget.calendar-1.0.9] startup
[15.181s] [ext: omni.kit.widget.extended_searchfield-1.0.31] startup
[15.201s] [ext: omni.simready.content.browser-0.3.7] startup
[15.605s] [ext: isaacsim.gui.content_browser-0.4.2] startup
[15.610s] [ext: omni.kit.selection-0.1.6] startup
[15.613s] [ext: isaacsim.gui.menu-2.10.5] startup
[15.635s] [ext: isaacsim.gui.property-1.6.2] startup
[15.651s] [ext: omni.kit.viewport.actions-107.0.2] startup
[15.658s] [ext: omni.kit.viewport.menubar.display-107.1.3] startup
[15.662s] [ext: isaacsim.gui.sensors.icon-2.2.0] startup
[15.670s] [ext: omni.behavior.scripting.core-110.1.0] startup
[15.679s] [ext: isaacsim.replicator.behavior-1.5.3] startup
[15.681s] [ext: isaacsim.replicator.experimental.domain_randomization-1.2.4] startup
[15.737s] [ext: isaacsim.replicator.domain_randomization-1.2.1] startup
[15.884s] [ext: isaacsim.replicator.writers-1.5.3] startup
[15.957s] [ext: isaacsim.robot.experimental.wheeled_robots-0.2.9] startup
[16.008s] [ext: isaacsim.robot.policy.examples-5.2.11] startup
[16.060s] [ext: isaacsim.robot.wheeled_robots-5.2.3] startup
[16.075s] [ext: isaacsim.robot.wheeled_robots.nodes-0.1.2] startup
[16.136s] [ext: isaacsim.robot_motion.experimental.motion_generation-6.1.2] startup
[16.164s] [ext: isaacsim.robot_motion.cumotion-1.3.0] startup
[16.205s] [ext: omni.kit.numpy.common-0.1.3] startup
[16.209s] [ext: isaacsim.sensors.camera-1.7.8] startup
[16.253s] [ext: isaacsim.sensors.experimental.physics-3.0.1] startup
[16.275s] [ext: omni.sensors.net-1.0.1] startup
[16.297s] [ext: omni.sensors.nv.common-3.0.0] startup
[16.474s] [ext: omni.sensors.nv.materials-2.0.0] startup
[16.500s] [ext: omni.sensors.nv.acoustic-3.0.0] startup
[16.531s] [ext: omni.sensors.nv.ids-2.0.1] startup
[16.544s] [ext: omni.sensors.nv.lidar-3.0.0] startup
[16.572s] [ext: omni.sensors.nv.radar-3.0.0] startup
[16.601s] [ext: isaacsim.sensors.experimental.rtx-1.4.3] startup
[17.222s] [ext: isaacsim.sensors.physics.nodes-1.5.2] startup
[17.248s] [ext: isaacsim.util.debug_draw-3.2.2] startup
[17.268s] [ext: isaacsim.sensors.physx-2.5.4] startup
[17.292s] [ext: isaacsim.sensors.rtx-15.17.0] startup
[17.337s] [ext: isaacsim.simulation_app-2.18.3] startup
[17.338s] [ext: omni.anim.curve.core-1.6.0] startup
[17.380s] [ext: omni.graph.ui_nodes-2.10.5] startup
[17.493s] [ext: omni.hydra.scene_api-0.1.3] startup
[17.504s] [ext: omni.kit.manipulator.camera-110.0.0] startup
[17.518s] [ext: omni.kit.manipulator.selector-1.1.4] startup
[17.526s] [ext: omni.kit.manipulator.transform-107.0.0] startup
[17.547s] [ext: omni.kit.widget.toolbar-2.1.0] startup
[17.577s] [ext: omni.kit.manipulator.tool.snap-1.5.14] startup
[17.590s] [ext: omni.kit.viewport.manipulator.transform-107.0.4] startup
[17.596s] [ext: omni.kit.manipulator.prim.core-108.0.2] startup
[17.624s] [ext: omni.kit.manipulator.prim.usd-107.0.3] startup
[17.631s] [ext: omni.kit.manipulator.prim-108.0.0] startup
[17.632s] [ext: omni.kit.manipulator.selection-109.0.1] startup
[17.638s] [ext: omni.kit.menu.create-2.0.2] startup
[17.644s] [ext: omni.kit.property.audio-1.0.16] startup
[17.659s] [ext: omni.kit.property.camera-1.0.14] startup
[17.667s] [ext: omni.kit.property.geometry-2.1.2] startup
[17.684s] [ext: omni.kit.property.light-1.0.14] startup
2026-07-06T00:40:05Z [17,715ms] [Warning] [omni.usd] Encountered USD Warnings but USD Diagnostics are currently muted. To view USD Warnings, please set the '/persistent/app/usd/muteUsdDiagnostics' setting to false in Preferences page.
[17.909s] [ext: omni.kit.property.material-1.14.2] startup
[17.948s] [ext: omni.kit.property.render-1.2.2] startup
[17.956s] [ext: omni.kit.property.transform-1.6.9] startup
[17.972s] [ext: omni.kit.property.bundle-1.5.1] startup
[17.979s] [ext: omni.kit.usdz_export-1.1.0] startup
[17.990s] [ext: omni.kit.tool.asset_importer-5.2.0] startup
[18.019s] [ext: omni.kit.ui.actions-1.0.5] startup
[18.027s] [ext: omni.kit.viewport.menubar.camera-107.0.10] startup
[18.052s] [ext: omni.kit.viewport.menubar.lighting-107.3.2] startup
[18.064s] [ext: omni.kit.viewport.menubar.render-107.0.10] startup
[18.075s] [ext: omni.kit.viewport.menubar.settings-110.0.1] startup
[18.091s] [ext: omni.kit.window.console-1.1.8] startup
[18.112s] [ext: omni.kit.window.status_bar-0.1.11] startup
[18.119s] [ext: omni.kit.window.toolbar-3.0.3] startup
[18.128s] [ext: omni.ocio-0.1.1] startup
[18.134s] [ext: omni.physx.commands-110.1.11] startup
[18.143s] [ext: omni.replicator.replicator_yaml-2.0.12] startup
[18.212s] [ext: omni.rtx.window.settings-0.8.0] startup
[18.236s] [ext: omni.rtx.settings.core-0.7.0] startup
[18.251s] [ext: omni.usd.metrics.assembler.ui-110.1.1] startup
[18.277s] [ext: semantics.schema.editor-2.0.2] startup
[18.290s] [ext: semantics.schema.property-2.0.1] startup
[18.308s] [ext: omni.kit.menu.common-2.0.2] startup
[18.316s] [ext: isaacsim.exp.base-6.0.0] startup
[18.317s] [ext: isaacsim.exp.base.python-6.0.0] startup
[18.327s] Simulation App Starting
[23.437s] Simulation App Startup Complete
[23.449s] app ready
[38;2;136;136;136m20:40:12[0m [38;2;136;136;136mINFO   [0m [38;2;215;119;87m[isaac_env][0m [38;2;255;255;255mActive staircase: commercial (14 steps, rise=0.120 m, run=0.305 m, top=1.680 m, handrail=True)[0m
[38;2;136;136;136m20:40:12[0m [38;2;136;136;136mINFO   [0m [38;2;215;119;87m[isaac_env][0m [38;2;255;255;255mRealism profile: PERFECT ENV (clean default)[0m
[38;2;136;136;136m20:40:12[0m [38;2;136;136;136mINFO   [0m [38;2;215;119;87m[isaac_env][0m [38;2;255;255;255mPerception-noise seed = 0 (frame-indexed, reproducible)[0m
[38;2;136;136;136m20:40:12[0m [38;2;136;136;136mINFO   [0m [38;2;215;119;87m[isaac_env][0m [38;2;255;255;255mPGTT HEIGHT BACKEND = GROUND_TRUTH (ground_truth: analytic terrain height)[0m
[38;2;136;136;136m20:40:12[0m [38;2;136;136;136mINFO   [0m [38;2;215;119;87m[isaac_env][0m [38;2;255;255;255mWarm Isaac is up; waiting for episode commands[0m
[38;2;136;136;136m20:40:12[0m [38;2;136;136;136mINFO   [0m [38;2;215;119;87m[isaac_env][0m [38;2;255;255;255mActive staircase: commercial (14 steps, rise=0.120 m, run=0.305 m, top=1.680 m) [warm per-episode riser override][0m
[38;2;136;136;136m20:40:12[0m [38;2;136;136;136mINFO   [0m [38;2;215;119;87m[isaac_env][0m [38;2;255;255;255mBuilding Isaac world[0m
[38;2;136;136;136m20:40:13[0m [38;2;136;136;136mINFO   [0m [38;2;215;119;87m[isaac_env][0m [38;2;255;255;255mSpawning static obstacles[0m
[38;2;136;136;136m20:40:13[0m [38;2;136;136;136mINFO   [0m [38;2;215;119;87m[isaac_env][0m [38;2;255;255;255mDark-oak staircase with grain texture + iron handrails both sides[0m
[38;2;136;136;136m20:40:14[0m [38;2;136;136;136mINFO   [0m [38;2;215;119;87m[isaac_env][0m [38;2;255;255;255mFloor: vibrant light blue tiles (101x101 grid, 0.6m pitch) with dark grout[0m
[38;2;136;136;136m20:40:14[0m [38;2;136;136;136mINFO   [0m [38;2;215;119;87m[isaac_env][0m [38;2;255;255;255mClean stairs-only environment (commercial preset: 14 steps + landing, handrails) successfully spawned[0m
[38;2;136;136;136m20:40:14[0m [38;2;136;136;136mINFO   [0m [38;2;215;119;87m[isaac_env][0m [38;2;255;255;255mSkipping extra visual props; scene contains only stairs, walls, ground, robot, and person[0m
[38;2;136;136;136m20:40:14[0m [38;2;136;136;136mINFO   [0m [38;2;215;119;87m[isaac_env][0m [38;2;255;255;255mConfigured soft dome, key, fill, and ceiling panel lighting[0m
[38;2;136;136;136m20:40:14[0m [38;2;136;136;136mINFO   [0m [38;2;215;119;87m[isaac_env][0m [38;2;255;255;255mCreated physics material /World/PhysicsMaterials/HighFrictionMaterial with dynamic=1.000, static=1.200[0m
[38;2;136;136;136m20:40:14[0m [38;2;136;136;136mINFO   [0m [38;2;215;119;87m[isaac_env][0m [38;2;255;255;255mBound /World/PhysicsMaterials/HighFrictionMaterial to /World/Environment/step_0[0m
[38;2;136;136;136m20:40:14[0m [38;2;136;136;136mINFO   [0m [38;2;215;119;87m[isaac_env][0m [38;2;255;255;255mBound /World/PhysicsMaterials/HighFrictionMaterial to /World/Environment/step_1[0m
[38;2;136;136;136m20:40:14[0m [38;2;136;136;136mINFO   [0m [38;2;215;119;87m[isaac_env][0m [38;2;255;255;255mBound /World/PhysicsMaterials/HighFrictionMaterial to /World/Environment/step_2[0m
[38;2;136;136;136m20:40:14[0m [38;2;136;136;136mINFO   [0m [38;2;215;119;87m[isaac_env][0m [38;2;255;255;255mBound /World/PhysicsMaterials/HighFrictionMaterial to /World/Environment/step_3[0m
[38;2;136;136;136m20:40:14[0m [38;2;136;136;136mINFO   [0m [38;2;215;119;87m[isaac_env][0m [38;2;255;255;255mBound /World/PhysicsMaterials/HighFrictionMaterial to /World/Environment/step_4[0m
[38;2;136;136;136m20:40:14[0m [38;2;136;136;136mINFO   [0m [38;2;215;119;87m[isaac_env][0m [38;2;255;255;255mBound /World/PhysicsMaterials/HighFrictionMaterial to /World/Environment/step_5[0m
[38;2;136;136;136m20:40:14[0m [38;2;136;136;136mINFO   [0m [38;2;215;119;87m[isaac_env][0m [38;2;255;255;255mBound /World/PhysicsMaterials/HighFrictionMaterial to /World/Environment/step_6[0m
[38;2;136;136;136m20:40:14[0m [38;2;136;136;136mINFO   [0m [38;2;215;119;87m[isaac_env][0m [38;2;255;255;255mBound /World/PhysicsMaterials/HighFrictionMaterial to /World/Environment/step_7[0m
[38;2;136;136;136m20:40:14[0m [38;2;136;136;136mINFO   [0m [38;2;215;119;87m[isaac_env][0m [38;2;255;255;255mBound /World/PhysicsMaterials/HighFrictionMaterial to /World/Environment/step_8[0m
[38;2;136;136;136m20:40:14[0m [38;2;136;136;136mINFO   [0m [38;2;215;119;87m[isaac_env][0m [38;2;255;255;255mBound /World/PhysicsMaterials/HighFrictionMaterial to /World/Environment/step_9[0m
[38;2;136;136;136m20:40:14[0m [38;2;136;136;136mINFO   [0m [38;2;215;119;87m[isaac_env][0m [38;2;255;255;255mBound /World/PhysicsMaterials/HighFrictionMaterial to /World/Environment/step_10[0m
[38;2;136;136;136m20:40:14[0m [38;2;136;136;136mINFO   [0m [38;2;215;119;87m[isaac_env][0m [38;2;255;255;255mBound /World/PhysicsMaterials/HighFrictionMaterial to /World/Environment/step_11[0m
[38;2;136;136;136m20:40:14[0m [38;2;136;136;136mINFO   [0m [38;2;215;119;87m[isaac_env][0m [38;2;255;255;255mBound /World/PhysicsMaterials/HighFrictionMaterial to /World/Environment/step_12[0m
[38;2;136;136;136m20:40:14[0m [38;2;136;136;136mINFO   [0m [38;2;215;119;87m[isaac_env][0m [38;2;255;255;255mBound /World/PhysicsMaterials/HighFrictionMaterial to /World/Environment/step_13[0m
[38;2;136;136;136m20:40:14[0m [38;2;136;136;136mINFO   [0m [38;2;215;119;87m[isaac_env][0m [38;2;255;255;255mBound /World/PhysicsMaterials/HighFrictionMaterial to /World/Environment/top_landing[0m
[38;2;136;136;136m20:40:14[0m [38;2;136;136;136mINFO   [0m [38;2;215;119;87m[isaac_env][0m [38;2;255;255;255mBound /World/PhysicsMaterials/HighFrictionMaterial to /World/defaultGroundPlane[0m
[38;2;136;136;136m20:40:14[0m [38;2;136;136;136mINFO   [0m [38;2;215;119;87m[isaac_env][0m [38;2;255;255;255mLoading Go2 robot[0m
[38;2;136;136;136m20:40:14[0m [38;2;136;136;136mINFO   [0m [38;2;215;119;87m[isaac_env][0m [38;2;255;255;255mUsing official Isaac Sim Go2 Nucleus asset (mesh geometry)[0m
[38;2;136;136;136m20:40:14[0m [38;2;136;136;136mINFO   [0m [38;2;215;119;87m[isaac_env][0m [38;2;255;255;255mGo2 base link set to dynamic (non-kinematic) for PhysX articulation support[0m
[38;2;136;136;136m20:40:14[0m [38;2;136;136;136mINFO   [0m [38;2;215;119;87m[isaac_env][0m [38;2;255;255;255mGo2 PhysX articulation was registered with the Isaac world[0m
[38;2;136;136;136m20:40:14[0m [38;2;136;136;136mINFO   [0m [38;2;215;119;87m[isaac_env][0m [38;2;255;255;255mMounted mock-up P2-E6 oxygen concentrator + rail cradle on the Go2[0m
[38;2;136;136;136m20:40:14[0m [38;2;136;136;136mINFO   [0m [38;2;215;119;87m[isaac_env][0m [38;2;255;255;255mRobot physical configuration snapshot[0m
[38;2;136;136;136m20:40:14[0m [38;2;136;136;136mINFO   [0m [38;2;215;119;87m[isaac_env][0m [38;2;255;255;255mGo2 USD joint drives configured for selected locomotion mode[0m
[38;2;136;136;136m20:40:14[0m [38;2;136;136;136mINFO   [0m [38;2;215;119;87m[isaac_env][0m [38;2;255;255;255mAdding front camera[0m
[38;2;136;136;136m20:40:14[0m [38;2;136;136;136mINFO   [0m [38;2;215;119;87m[isaac_env][0m [38;2;255;255;255mStreaming the RGB stream of the robot's front RealSense D435 (rigid body-parented)[0m
2026-07-06T00:40:14Z [27,011ms] [Warning] [isaacsim.sensors.camera.camera] 'verticalAperture' (1.5290800094604493) and 'horizontalAperture' (2.0954999923706055) are inconsistent with the pixel resolution aspect ratio (1.7777777777777777). Setting 'verticalAperture' to 1.1787187457084656 to ensure square pixels.
[38;2;136;136;136m20:40:14[0m [38;2;136;136;136mINFO   [0m [38;2;215;119;87m[isaac_env][0m [38;2;255;255;255mFront D435 RGB camera rigidly parented under the Go2 body (inherits real gait shake)[0m
[38;2;136;136;136m20:40:14[0m [38;2;136;136;136mINFO   [0m [38;2;215;119;87m[isaac_env][0m [38;2;255;255;255mSet D435 color intrinsics: 36mm aperture, 26mm focal length, near clip 0.05m[0m
[38;2;136;136;136m20:40:14[0m [38;2;136;136;136mINFO   [0m [38;2;215;119;87m[isaac_env][0m [38;2;255;255;255mRigid body-parented parkour depth camera attached to the Go2 body[0m
2026-07-06T00:40:14Z [27,027ms] [Warning] [isaacsim.sensors.camera.camera] 'verticalAperture' (1.5290800094604493) and 'horizontalAperture' (2.0954999923706055) are inconsistent with the pixel resolution aspect ratio (1.7777777777777777). Setting 'verticalAperture' to 1.1787187457084656 to ensure square pixels.
[38;2;136;136;136m20:40:14[0m [38;2;136;136;136mINFO   [0m [38;2;215;119;87m[isaac_env][0m [38;2;255;255;255mCreated wide scene verification camera[0m
[38;2;136;136;136m20:40:14[0m [38;2;136;136;136mINFO   [0m [38;2;215;119;87m[isaac_env][0m [38;2;255;255;255mCreated final-scene cinematic recording camera[0m
[38;2;136;136;136m20:40:14[0m [38;2;136;136;136mINFO   [0m [38;2;215;119;87m[isaac_env][0m [38;2;255;255;255mCreated autofit zoom-to-fit overview camera (topdown.mp4 subject framing)[0m
[38;2;136;136;136m20:40:14[0m [38;2;136;136;136mINFO   [0m [38;2;215;119;87m[isaac_env][0m [38;2;255;255;255mCreated final-scene cinematic recording camera[0m
[38;2;136;136;136m20:40:14[0m [38;2;136;136;136mINFO   [0m [38;2;215;119;87m[isaac_env][0m [38;2;255;255;255mCreated cinematic chase camera for scene_view.mp4 (auto-driven follow)[0m
[38;2;136;136;136m20:40:14[0m [38;2;136;136;136mINFO   [0m [38;2;215;119;87m[isaac_env][0m [38;2;255;255;255mscene baseline captured (no person in scene)[0m
[38;2;136;136;136m20:40:14[0m [38;2;136;136;136mINFO   [0m [38;2;215;119;87m[isaac_env][0m [38;2;255;255;255mSpawning person target[0m
[38;2;136;136;136m20:40:14[0m [38;2;136;136;136mINFO   [0m [38;2;215;119;87m[isaac_env][0m [38;2;255;255;255mPatient route begins at (x=-3.500, y=0.000) with 20 waypoints; flat walk to the stair base then one waypoint per tread.[0m
[27.326s] [ext: omni.anim.timeline-110.0.0] startup
[38;2;136;136;136m20:40:16[0m [38;2;136;136;136mINFO   [0m [38;2;215;119;87m[isaac_env][0m [38;2;255;255;255mAnimation timeline extensions ready (USD clip mode).[0m
[38;2;136;136;136m20:40:16[0m [38;2;136;136;136mINFO   [0m [38;2;215;119;87m[isaac_env][0m [38;2;255;255;255mCreating isolated local modified copy of Biped_Setup.usd[0m
[38;2;136;136;136m20:40:18[0m [38;2;136;136;136mINFO   [0m [38;2;215;119;87m[isaac_env][0m [38;2;255;255;255mWalk clip timing + estimated gait period (diagnostic only; clip unchanged)[0m
[38;2;136;136;136m20:40:18[0m [38;2;136;136;136mINFO   [0m [38;2;215;119;87m[isaac_env][0m [38;2;255;255;255mWalk clip timing + estimated gait period (diagnostic only; clip unchanged)[0m
[38;2;136;136;136m20:40:39[0m [38;2;136;136;136mINFO   [0m [38;2;215;119;87m[isaac_env][0m [38;2;255;255;255mSuccessfully removed animationGraph and zeroed Root translation/rotation in local copy[0m
[38;2;136;136;136m20:40:41[0m [38;2;136;136;136mINFO   [0m [38;2;215;119;87m[isaac_env][0m [38;2;255;255;255mUsing local modified Biped_Setup mannequin as the animated character asset[0m
[38;2;136;136;136m20:40:48[0m [38;2;136;136;136mINFO   [0m [38;2;215;119;87m[isaac_env][0m [38;2;255;255;255mResolved skeleton joints for the gait rig (alias-mapped to canonical names)[0m
[38;2;136;136;136m20:40:48[0m [38;2;136;136;136mINFO   [0m [38;2;215;119;87m[isaac_env][0m [38;2;255;255;255mSkelAnimation clips found for the standing-pose base[0m
[38;2;136;136;136m20:40:48[0m [38;2;255;193;7mWARNING[0m [38;2;215;119;87m[isaac_env][0m [38;2;255;255;255mSome driven joints were not found on the skeleton; they stay at rest[0m
[38;2;136;136;136m20:40:48[0m [38;2;136;136;136mINFO   [0m [38;2;215;119;87m[isaac_env][0m [38;2;255;255;255mProcedural biped gait rig initialized (limb-driven UsdSkel)[0m
[38;2;136;136;136m20:40:48[0m [38;2;136;136;136mINFO   [0m [38;2;215;119;87m[isaac_env][0m [38;2;255;255;255mExtracted walk clip for mocap playback (full per-bone tracks)[0m
[38;2;136;136;136m20:40:48[0m [38;2;136;136;136mINFO   [0m [38;2;215;119;87m[isaac_env][0m [38;2;255;255;255mLoaded CMU stair-climb mocap clip for the STAIR_CLIMB style[0m
[38;2;136;136;136m20:40:48[0m [38;2;136;136;136mINFO   [0m [38;2;215;119;87m[isaac_env][0m [38;2;255;255;255mCalibrated patient mesh to ride the H1 pelvis with feet on the floor[0m
[38;2;136;136;136m20:40:48[0m [38;2;136;136;136mINFO   [0m [38;2;215;119;87m[isaac_env][0m [38;2;255;255;255mSpawned animated person visual with physics collider.[0m
[38;2;136;136;136m20:40:48[0m [38;2;136;136;136mINFO   [0m [38;2;215;119;87m[isaac_env][0m [38;2;255;255;255mSkipping patient cart/O2 props for a clean stairs-and-walls sim scene[0m
[38;2;136;136;136m20:40:48[0m [38;2;136;136;136mINFO   [0m [38;2;215;119;87m[isaac_env][0m [38;2;255;255;255mFinal-scene recording camera is tracking the robot as the cinematic subject[0m
[38;2;136;136;136m20:40:48[0m [38;2;136;136;136mINFO   [0m [38;2;215;119;87m[isaac_env][0m [38;2;255;255;255mFinal-scene recording camera selected a clear cinematic vantage[0m
2026-07-06T00:40:48Z [61,007ms] [Warning] [omni.physx.plugin] Physx scene queries can only be performed during simulation.
2026-07-06T00:40:48Z [61,008ms] [Warning] [omni.physx.plugin] Physx scene queries can only be performed during simulation.
[38;2;136;136;136m20:40:48[0m [38;2;136;136;136mINFO   [0m [38;2;215;119;87m[isaac_env][0m [38;2;255;255;255mFinal-scene recording camera is tracking the robot as the cinematic subject[0m
[38;2;136;136;136m20:40:48[0m [38;2;136;136;136mINFO   [0m [38;2;215;119;87m[isaac_env][0m [38;2;255;255;255mFinal-scene recording camera selected a clear cinematic vantage[0m
2026-07-06T00:40:48Z [61,040ms] [Warning] [omni.fabric.plugin] Warning: attribute evaluatedTranslations not found for bucket id 4d

[38;2;136;136;136m20:40:49[0m [38;2;136;136;136mINFO   [0m [38;2;215;119;87m[isaac_env][0m [38;2;255;255;255mSeating patient at standing pose (60 steps)[0m
[38;2;136;136;136m20:40:49[0m [38;2;136;136;136mINFO   [0m [38;2;215;119;87m[isaac_env][0m [38;2;255;255;255mKinematic patient seated at standing pose[0m
[38;2;136;136;136m20:40:49[0m [38;2;136;136;136mINFO   [0m [38;2;215;119;87m[isaac_env][0m [38;2;255;255;255mInitializing Isaac front camera sensor[0m
[38;2;136;136;136m20:40:49[0m [38;2;136;136;136mINFO   [0m [38;2;215;119;87m[isaac_env][0m [38;2;255;255;255mIsaac front camera sensor initialized[0m
[38;2;136;136;136m20:40:49[0m [38;2;136;136;136mINFO   [0m [38;2;215;119;87m[isaac_env][0m [38;2;255;255;255mEnabling RGB and Depth streams on camera frame[0m
2026-07-06T00:40:49Z [62,208ms] [Warning] [isaacsim.sensors.camera.camera] Annotator rgb already attached to /Render/OmniverseKit/HydraTextures/Replicator
[38;2;136;136;136m20:40:49[0m [38;2;136;136;136mINFO   [0m [38;2;215;119;87m[isaac_env][0m [38;2;255;255;255mRGB and Depth streams are active and available on initialized camera[0m
[38;2;136;136;136m20:40:50[0m [38;2;136;136;136mINFO   [0m [38;2;215;119;87m[isaac_env][0m [38;2;255;255;255mParkour depth camera sensor initialized (distance_to_image_plane)[0m
2026-07-06T00:40:50Z [62,294ms] [Warning] [isaacsim.sensors.camera.camera] Annotator rgb already attached to /Render/OmniverseKit/HydraTextures/Replicator_02
[38;2;136;136;136m20:40:50[0m [38;2;136;136;136mINFO   [0m [38;2;215;119;87m[isaac_env][0m [38;2;255;255;255mTop-down camera sensor initialized[0m
2026-07-06T00:40:50Z [62,326ms] [Warning] [isaacsim.sensors.camera.camera] Annotator rgb already attached to /Render/OmniverseKit/HydraTextures/Replicator_03
[38;2;136;136;136m20:40:50[0m [38;2;136;136;136mINFO   [0m [38;2;215;119;87m[isaac_env][0m [38;2;255;255;255mIsaac scene Left camera sensor initialized for raw recording[0m
[38;2;136;136;136m20:40:50[0m [38;2;136;136;136mINFO   [0m [38;2;215;119;87m[isaac_env][0m [38;2;255;255;255mGo2 standing joint pose applied by name via set_joint_positions[0m
[38;2;136;136;136m20:40:50[0m [38;2;136;136;136mINFO   [0m [38;2;215;119;87m[isaac_env][0m [38;2;255;255;255mSet Go2 articulation drive gains (radian units)[0m
[38;2;136;136;136m20:40:50[0m [38;2;136;136;136mINFO   [0m [38;2;215;119;87m[isaac_env][0m [38;2;255;255;255mLoaded PGTT phase-guided locomotion policy[0m
[38;2;136;136;136m20:40:50[0m [38;2;136;136;136mINFO   [0m [38;2;215;119;87m[isaac_env][0m [38;2;255;255;255mLoaded PGTT phase-guided locomotion policy[0m
[38;2;136;136;136m20:40:50[0m [38;2;136;136;136mINFO   [0m [38;2;215;119;87m[isaac_env][0m [38;2;255;255;255mSet Go2 articulation drive gains (radian units)[0m
[38;2;136;136;136m20:40:50[0m [38;2;136;136;136mINFO   [0m [38;2;215;119;87m[isaac_env][0m [38;2;255;255;255mstartup robot pose[0m
2026-07-06T00:40:50Z [62,577ms] [Warning] [omni.rtx] DLSS Skipped: Target resolution below 64x64.
2026-07-06T00:40:50Z [63,086ms] [Warning] [omni.syntheticdata.plugin] OgnSdPostRenderVarToHost : rendervar copy from texture directly to host buffer is counter-performant. Please use copy from texture to device buffer first.
[38;2;136;136;136m20:40:52[0m [38;2;136;136;136mINFO   [0m [38;2;215;119;87m[isaac_env][0m [38;2;255;255;255mPerson animation ready via procedural limb-driven gait (biped_anim).[0m
[38;2;136;136;136m20:40:52[0m [38;2;136;136;136mINFO   [0m [38;2;215;119;87m[isaac_env][0m [38;2;255;255;255mPerson animation is loaded and ready[0m
[38;2;136;136;136m20:40:52[0m [38;2;136;136;136mINFO   [0m [38;2;215;119;87m[isaac_env][0m [38;2;255;255;255mstartup robot pose[0m
[38;2;136;136;136m20:40:52[0m [38;2;136;136;136mINFO   [0m [38;2;215;119;87m[isaac_env][0m [38;2;255;255;255mstartup robot pose[0m
[38;2;136;136;136m20:40:52[0m [38;2;136;136;136mINFO   [0m [38;2;215;119;87m[isaac_env][0m [38;2;255;255;255mstartup robot pose[0m
[38;2;136;136;136m20:40:52[0m [38;2;136;136;136mINFO   [0m [38;2;215;119;87m[isaac_env][0m [38;2;255;255;255mstartup robot pose[0m
[38;2;136;136;136m20:40:52[0m [38;2;136;136;136mINFO   [0m [38;2;215;119;87m[isaac_env][0m [38;2;255;255;255mstartup robot pose[0m
[38;2;136;136;136m20:40:52[0m [38;2;136;136;136mINFO   [0m [38;2;215;119;87m[isaac_env][0m [38;2;255;255;255mAsserted clean FOLDED Go2 spawn pose before stand-up[0m
[38;2;136;136;136m20:40:52[0m [38;2;136;136;136mINFO   [0m [38;2;215;119;87m[isaac_env][0m [38;2;255;255;255mPGTT dual-policy stair handoff armed (walk<->closed-loop climber)[0m
[38;2;136;136;136m20:40:52[0m [38;2;136;136;136mINFO   [0m [38;2;215;119;87m[isaac_env][0m [38;2;255;255;255mRL policy joint mapping (policy slot -> isaac dof)[0m
[38;2;136;136;136m20:40:52[0m [38;2;136;136;136mINFO   [0m [38;2;215;119;87m[isaac_env][0m [38;2;255;255;255mLoaded blind (proprioceptive) rl_sar Go2 RL policy as the handoff climb backend[0m
[38;2;136;136;136m20:40:52[0m [38;2;136;136;136mINFO   [0m [38;2;215;119;87m[isaac_env][0m [38;2;255;255;255mBlind (proprioceptive) RL policy armed as the PGTT handoff climb backend[0m
[38;2;136;136;136m20:40:52[0m [38;2;136;136;136mINFO   [0m [38;2;215;119;87m[isaac_env][0m [38;2;255;255;255mSimulation timeline started playing successfully[0m
2026-07-06T00:40:52Z [65,186ms] [Warning] [isaacsim.sensors.camera.camera] Annotator rgb already attached to /Render/OmniverseKit/HydraTextures/Replicator_04
[38;2;136;136;136m20:40:52[0m [38;2;136;136;136mINFO   [0m [38;2;215;119;87m[isaac_env][0m [38;2;255;255;255mGo2 PGTT locomotion policy is writing joint targets[0m
2026-07-06T00:40:53Z [65,354ms] [Warning] [rtx.scenedb.plugin] [InstanceTransformStorage] The amount of world update transforms WorldUpdateStorageWindow 22 needed to cover is larger than max allowed storage MaxHistoryTransformCount 8.            Motions may be wrong for long exposure sensors/cameras. Consider allow a larger storage for transforms through --/rtx/scenedb/maxHistoryTransformCount=22
[38;2;136;136;136m20:40:53[0m [38;2;136;136;136mINFO   [0m [38;2;215;119;87m[isaac_env][0m [38;2;255;255;255mPGTT heightscan diagnostic[0m
[38;2;136;136;136m20:40:58[0m [38;2;136;136;136mINFO   [0m [38;2;215;119;87m[isaac_env][0m [38;2;255;255;255mSaved wide scene verification image[0m
[38;2;136;136;136m20:40:58[0m [38;2;136;136;136mINFO   [0m [38;2;215;119;87m[isaac_env][0m [38;2;255;255;255mSaved initial verification screenshot to C:\Users\antho\Downloads\Stair-Climbing-Robotic-Dog-for-Oxygen-Therapy-Patients\log\run_sim_20260705_203946_563\reports\verification_start.png[0m
[38;2;136;136;136m20:40:58[0m [38;2;136;136;136mINFO   [0m [38;2;215;119;87m[isaac_env][0m [38;2;255;255;255mIsaac world is ready[0m
[38;2;136;136;136m20:40:58[0m [38;2;136;136;136mINFO   [0m [38;2;215;119;87m[isaac_env][0m [38;2;255;255;255mCamera frame publisher is ready[0m
[38;2;136;136;136m20:40:58[0m [38;2;136;136;136mINFO   [0m [38;2;215;119;87m[isaac_env][0m [38;2;255;255;255mIsaac velocity command receiver is listening[0m
[38;2;136;136;136m20:40:58[0m [38;2;136;136;136mINFO   [0m [38;2;215;119;87m[isaac_env][0m [38;2;255;255;255mRecording video encoder resolved[0m
[38;2;136;136;136m20:40:58[0m [38;2;136;136;136mINFO   [0m [38;2;215;119;87m[isaac_env][0m [38;2;255;255;255mRecording cameras (topdown + scene_view) decoupled from perception cadence[0m
[38;2;136;136;136m20:40:58[0m [38;2;136;136;136mINFO   [0m [38;2;215;119;87m[isaac_env][0m [38;2;255;255;255mSimulated XT16 LiDAR enabled[0m
[38;2;136;136;136m20:40:58[0m [38;2;136;136;136mINFO   [0m [38;2;215;119;87m[isaac_env][0m [38;2;255;255;255mGo2 seated folded on the ground; it will stand up before the policy drives[0m
[38;2;136;136;136m20:40:58[0m [38;2;136;136;136mINFO   [0m [38;2;215;119;87m[isaac_env][0m [38;2;255;255;255mHolding autonomous scene motion until first active YOLO command received[0m
[38;2;136;136;136m20:40:58[0m [38;2;136;136;136mINFO   [0m [38;2;215;119;87m[isaac_env][0m [38;2;255;255;255mDog held folded until the Docker controller starts streaming (then it stands up)[0m
[38;2;136;136;136m20:40:58[0m [38;2;136;136;136mINFO   [0m [38;2;215;119;87m[isaac_env][0m [38;2;255;255;255mstartup robot pose[0m
[38;2;136;136;136m20:40:58[0m [38;2;136;136;136mINFO   [0m [38;2;215;119;87m[isaac_env][0m [38;2;255;255;255mXT16 raycast self-filter active[0m
[38;2;136;136;136m20:40:58[0m [38;2;136;136;136mINFO   [0m [38;2;215;119;87m[isaac_env][0m [38;2;255;255;255mFrame sidecar keys enumerated (ground-truth leaked + sensor signals present)[0m
[38;2;136;136;136m20:40:58[0m [38;2;136;136;136mINFO   [0m [38;2;215;119;87m[isaac_env][0m [38;2;255;255;255mFramePublisher TCP send count[0m
[38;2;136;136;136m20:40:58[0m [38;2;136;136;136mINFO   [0m [38;2;215;119;87m[isaac_env][0m [38;2;255;255;255mtopdown recording started[0m
[38;2;136;136;136m20:40:58[0m [38;2;136;136;136mINFO   [0m [38;2;215;119;87m[isaac_env][0m [38;2;255;255;255mscene_view recording started[0m

Failed to load OpenH264 library: openh264-1.8.0-win64.dll
	Please check environment and/or download library: https://github.com/cisco/openh264/releases

[libopenh264 @ 000001fad69c4f80] Incorrect library version loaded
[ERROR:0@0.018] global cap_ffmpeg_impl.hpp:3514 open Could not open codec libopenh264, error: Unspecified error (-22)
[ERROR:0@0.018] global cap_ffmpeg_impl.hpp:3531 open VIDEOIO/FFMPEG: Failed to initialize VideoWriter
[38;2;136;136;136m20:40:58[0m [38;2;136;136;136mINFO   [0m [38;2;215;119;87m[isaac_env][0m [38;2;255;255;255mXT16 LiDAR preview recording started[0m
[38;2;136;136;136m20:40:59[0m [38;2;136;136;136mINFO   [0m [38;2;215;119;87m[isaac_env][0m [38;2;255;255;255mFramePublisher TCP send count[0m
[38;2;136;136;136m20:41:03[0m [38;2;136;136;136mINFO   [0m [38;2;215;119;87m[isaac_env][0m [38;2;255;255;255mFramePublisher TCP send count[0m
[38;2;136;136;136m20:41:16[0m [38;2;136;136;136mINFO   [0m [38;2;215;119;87m[isaac_env][0m [38;2;255;255;255mFramePublisher TCP send count[0m
[38;2;136;136;136m20:41:36[0m [38;2;136;136;136mINFO   [0m [38;2;215;119;87m[isaac_env][0m [38;2;255;255;255mFirst Docker/controller velocity packet received[0m
[38;2;136;136;136m20:41:36[0m [38;2;136;136;136mINFO   [0m [38;2;215;119;87m[isaac_env][0m [38;2;255;255;255mDocker controller is streaming; standing the dog up now[0m
[38;2;136;136;136m20:41:37[0m [38;2;136;136;136mINFO   [0m [38;2;215;119;87m[isaac_env][0m [38;2;255;255;255mCamera frame TCP link connected to SimCameraCapture (handshake verified)[0m
[38;2;136;136;136m20:41:37[0m [38;2;136;136;136mINFO   [0m [38;2;215;119;87m[isaac_env][0m [38;2;255;255;255mstartup robot pose[0m
[38;2;136;136;136m20:41:38[0m [38;2;136;136;136mINFO   [0m [38;2;215;119;87m[isaac_env][0m [38;2;255;255;255mstartup robot pose[0m
[38;2;136;136;136m20:41:38[0m [38;2;136;136;136mINFO   [0m [38;2;215;119;87m[isaac_env][0m [38;2;255;255;255mstartup robot pose[0m
[38;2;136;136;136m20:41:40[0m [38;2;136;136;136mINFO   [0m [38;2;215;119;87m[isaac_env][0m [38;2;255;255;255mstartup robot pose[0m
[38;2;136;136;136m20:41:40[0m [38;2;136;136;136mINFO   [0m [38;2;215;119;87m[isaac_env][0m [38;2;255;255;255mFirst nonzero Docker/controller velocity command received; scene motion is released[0m
[38;2;136;136;136m20:41:41[0m [38;2;136;136;136mINFO   [0m [38;2;215;119;87m[isaac_env][0m [38;2;255;255;255mstartup robot pose[0m
[38;2;136;136;136m20:41:41[0m [38;2;136;136;136mINFO   [0m [38;2;215;119;87m[isaac_env][0m [38;2;255;255;255mstartup robot pose[0m
[38;2;136;136;136m20:41:42[0m [38;2;136;136;136mINFO   [0m [38;2;215;119;87m[isaac_env][0m [38;2;255;255;255mstartup robot pose[0m
[38;2;136;136;136m20:41:42[0m [38;2;136;136;136mINFO   [0m [38;2;215;119;87m[isaac_env][0m [38;2;255;255;255mstartup robot pose[0m
[38;2;136;136;136m20:41:43[0m [38;2;136;136;136mINFO   [0m [38;2;215;119;87m[isaac_env][0m [38;2;255;255;255mstartup robot pose[0m
[38;2;136;136;136m20:41:43[0m [38;2;136;136;136mINFO   [0m [38;2;215;119;87m[isaac_env][0m [38;2;255;255;255mstartup robot pose[0m
[38;2;136;136;136m20:41:44[0m [38;2;136;136;136mINFO   [0m [38;2;215;119;87m[isaac_env][0m [38;2;255;255;255mstartup robot pose[0m
[38;2;136;136;136m20:41:44[0m [38;2;136;136;136mINFO   [0m [38;2;215;119;87m[isaac_env][0m [38;2;255;255;255mstartup robot pose[0m
[38;2;136;136;136m20:41:45[0m [38;2;136;136;136mINFO   [0m [38;2;215;119;87m[isaac_env][0m [38;2;255;255;255mstartup robot pose[0m
[38;2;136;136;136m20:41:45[0m [38;2;136;136;136mINFO   [0m [38;2;215;119;87m[isaac_env][0m [38;2;255;255;255mstartup robot pose[0m
[38;2;136;136;136m20:41:46[0m [38;2;136;136;136mINFO   [0m [38;2;215;119;87m[isaac_env][0m [38;2;255;255;255mstartup robot pose[0m
[38;2;136;136;136m20:41:46[0m [38;2;136;136;136mINFO   [0m [38;2;215;119;87m[isaac_env][0m [38;2;255;255;255mSet Go2 articulation drive gains (radian units)[0m
[38;2;136;136;136m20:41:46[0m [38;2;136;136;136mINFO   [0m [38;2;215;119;87m[isaac_env][0m [38;2;255;255;255mStand-up-from-ground finished; handing the joints to the locomotion policy[0m
[38;2;136;136;136m20:41:46[0m [38;2;136;136;136mINFO   [0m [38;2;215;119;87m[isaac_env][0m [38;2;255;255;255mstartup robot pose[0m
[38;2;136;136;136m20:41:46[0m [38;2;136;136;136mINFO   [0m [38;2;215;119;87m[isaac_env][0m [38;2;255;255;255mAutonomous scene motion released after first active YOLO command was observed[0m
[38;2;136;136;136m20:41:48[0m [38;2;136;136;136mINFO   [0m [38;2;215;119;87m[isaac_env][0m [38;2;255;255;255mPGTT heightscan diagnostic[0m
[38;2;136;136;136m20:41:50[0m [38;2;136;136;136mINFO   [0m [38;2;215;119;87m[isaac_env][0m [38;2;255;255;255mKinematic patient steering state[0m
[38;2;136;136;136m20:41:54[0m [38;2;136;136;136mINFO   [0m [38;2;215;119;87m[isaac_env][0m [38;2;255;255;255mKinematic patient steering state[0m
[38;2;136;136;136m20:41:56[0m [38;2;136;136;136mINFO   [0m [38;2;215;119;87m[isaac_env][0m [38;2;255;255;255mPGTT heightscan diagnostic[0m
[38;2;136;136;136m20:41:58[0m [38;2;136;136;136mINFO   [0m [38;2;215;119;87m[isaac_env][0m [38;2;255;255;255mFramePublisher TCP send count[0m
[38;2;136;136;136m20:42:00[0m [38;2;136;136;136mINFO   [0m [38;2;215;119;87m[isaac_env][0m [38;2;255;255;255mKinematic patient steering state[0m
[38;2;136;136;136m20:42:00[0m [38;2;136;136;136mINFO   [0m [38;2;215;119;87m[isaac_env][0m [38;2;255;255;255mMasked followed person out of parkour depth input[0m
[38;2;136;136;136m20:42:05[0m [38;2;136;136;136mINFO   [0m [38;2;215;119;87m[isaac_env][0m [38;2;255;255;255mKinematic patient steering state[0m
[38;2;136;136;136m20:42:05[0m [38;2;136;136;136mINFO   [0m [38;2;215;119;87m[isaac_env][0m [38;2;255;255;255mMasked followed person out of parkour depth input[0m
[38;2;136;136;136m20:42:07[0m [38;2;136;136;136mINFO   [0m [38;2;215;119;87m[isaac_env][0m [38;2;255;255;255mPGTT heightscan diagnostic[0m
[38;2;136;136;136m20:42:10[0m [38;2;136;136;136mINFO   [0m [38;2;215;119;87m[isaac_env][0m [38;2;255;255;255mKinematic patient steering state[0m
[38;2;136;136;136m20:42:10[0m [38;2;136;136;136mINFO   [0m [38;2;215;119;87m[isaac_env][0m [38;2;255;255;255mMasked followed person out of parkour depth input[0m
[38;2;136;136;136m20:42:16[0m [38;2;136;136;136mINFO   [0m [38;2;215;119;87m[isaac_env][0m [38;2;255;255;255mKinematic patient steering state[0m
[38;2;136;136;136m20:42:16[0m [38;2;136;136;136mINFO   [0m [38;2;215;119;87m[isaac_env][0m [38;2;255;255;255mMasked followed person out of parkour depth input[0m
[38;2;136;136;136m20:42:18[0m [38;2;136;136;136mINFO   [0m [38;2;215;119;87m[isaac_env][0m [38;2;255;255;255mPGTT heightscan diagnostic[0m
[38;2;136;136;136m20:42:21[0m [38;2;136;136;136mINFO   [0m [38;2;215;119;87m[isaac_env][0m [38;2;255;255;255mKinematic patient steering state[0m
[38;2;136;136;136m20:42:21[0m [38;2;136;136;136mINFO   [0m [38;2;215;119;87m[isaac_env][0m [38;2;255;255;255mMasked followed person out of parkour depth input[0m
[38;2;136;136;136m20:42:30[0m [38;2;136;136;136mINFO   [0m [38;2;215;119;87m[isaac_env][0m [38;2;255;255;255mKinematic patient steering state[0m
[38;2;136;136;136m20:42:30[0m [38;2;136;136;136mINFO   [0m [38;2;215;119;87m[isaac_env][0m [38;2;255;255;255mMasked followed person out of parkour depth input[0m
[38;2;136;136;136m20:42:32[0m [38;2;136;136;136mINFO   [0m [38;2;215;119;87m[isaac_env][0m [38;2;255;255;255mPGTT heightscan diagnostic[0m
[38;2;136;136;136m20:42:35[0m [38;2;136;136;136mINFO   [0m [38;2;215;119;87m[isaac_env][0m [38;2;255;255;255mKinematic patient steering state[0m
[38;2;136;136;136m20:42:35[0m [38;2;136;136;136mINFO   [0m [38;2;215;119;87m[isaac_env][0m [38;2;255;255;255mMasked followed person out of parkour depth input[0m
[38;2;136;136;136m20:42:39[0m [38;2;136;136;136mINFO   [0m [38;2;215;119;87m[isaac_env][0m [38;2;255;255;255mKinematic patient steering state[0m
[38;2;136;136;136m20:42:39[0m [38;2;136;136;136mINFO   [0m [38;2;215;119;87m[isaac_env][0m [38;2;255;255;255mMasked followed person out of parkour depth input[0m
[38;2;136;136;136m20:42:40[0m [38;2;136;136;136mINFO   [0m [38;2;215;119;87m[isaac_env][0m [38;2;255;255;255mPGTT heightscan diagnostic[0m
[38;2;136;136;136m20:42:43[0m [38;2;136;136;136mINFO   [0m [38;2;215;119;87m[isaac_env][0m [38;2;255;255;255mKinematic patient steering state[0m
[38;2;136;136;136m20:42:43[0m [38;2;136;136;136mINFO   [0m [38;2;215;119;87m[isaac_env][0m [38;2;255;255;255mMasked followed person out of parkour depth input[0m
[38;2;136;136;136m20:42:49[0m [38;2;136;136;136mINFO   [0m [38;2;215;119;87m[isaac_env][0m [38;2;255;255;255mKinematic patient steering state[0m
[38;2;136;136;136m20:42:49[0m [38;2;136;136;136mINFO   [0m [38;2;215;119;87m[isaac_env][0m [38;2;255;255;255mMasked followed person out of parkour depth input[0m
[38;2;136;136;136m20:42:50[0m [38;2;136;136;136mINFO   [0m [38;2;215;119;87m[isaac_env][0m [38;2;255;255;255mPGTT heightscan diagnostic[0m
[38;2;136;136;136m20:42:54[0m [38;2;136;136;136mINFO   [0m [38;2;215;119;87m[isaac_env][0m [38;2;255;255;255mKinematic patient steering state[0m
[38;2;136;136;136m20:42:54[0m [38;2;136;136;136mINFO   [0m [38;2;215;119;87m[isaac_env][0m [38;2;255;255;255mMasked followed person out of parkour depth input[0m
[38;2;136;136;136m20:42:59[0m [38;2;136;136;136mINFO   [0m [38;2;215;119;87m[isaac_env][0m [38;2;255;255;255mKinematic patient steering state[0m
[38;2;136;136;136m20:42:59[0m [38;2;136;136;136mINFO   [0m [38;2;215;119;87m[isaac_env][0m [38;2;255;255;255mMasked followed person out of parkour depth input[0m
[38;2;136;136;136m20:43:00[0m [38;2;136;136;136mINFO   [0m [38;2;215;119;87m[isaac_env][0m [38;2;255;255;255mPGTT heightscan diagnostic[0m
[38;2;136;136;136m20:43:04[0m [38;2;136;136;136mINFO   [0m [38;2;215;119;87m[isaac_env][0m [38;2;255;255;255mKinematic patient steering state[0m
[38;2;136;136;136m20:43:04[0m [38;2;136;136;136mINFO   [0m [38;2;215;119;87m[isaac_env][0m [38;2;255;255;255mMasked followed person out of parkour depth input[0m
[38;2;136;136;136m20:43:09[0m [38;2;136;136;136mINFO   [0m [38;2;215;119;87m[isaac_env][0m [38;2;255;255;255mKinematic patient steering state[0m
[38;2;136;136;136m20:43:09[0m [38;2;136;136;136mINFO   [0m [38;2;215;119;87m[isaac_env][0m [38;2;255;255;255mMasked followed person out of parkour depth input[0m
[38;2;136;136;136m20:43:10[0m [38;2;136;136;136mINFO   [0m [38;2;215;119;87m[isaac_env][0m [38;2;255;255;255mPGTT heightscan diagnostic[0m
[38;2;136;136;136m20:43:14[0m [38;2;136;136;136mINFO   [0m [38;2;215;119;87m[isaac_env][0m [38;2;255;255;255mKinematic patient steering state[0m
[38;2;136;136;136m20:43:14[0m [38;2;136;136;136mINFO   [0m [38;2;215;119;87m[isaac_env][0m [38;2;255;255;255mMasked followed person out of parkour depth input[0m
[38;2;136;136;136m20:43:20[0m [38;2;136;136;136mINFO   [0m [38;2;215;119;87m[isaac_env][0m [38;2;255;255;255mKinematic patient steering state[0m
[38;2;136;136;136m20:43:20[0m [38;2;136;136;136mINFO   [0m [38;2;215;119;87m[isaac_env][0m [38;2;255;255;255mMasked followed person out of parkour depth input[0m
[38;2;136;136;136m20:43:21[0m [38;2;136;136;136mINFO   [0m [38;2;215;119;87m[isaac_env][0m [38;2;255;255;255mPGTT heightscan diagnostic[0m
[38;2;136;136;136m20:43:25[0m [38;2;136;136;136mINFO   [0m [38;2;215;119;87m[isaac_env][0m [38;2;255;255;255mKinematic patient steering state[0m
[38;2;136;136;136m20:43:25[0m [38;2;136;136;136mINFO   [0m [38;2;215;119;87m[isaac_env][0m [38;2;255;255;255mMasked followed person out of parkour depth input[0m
[38;2;136;136;136m20:43:29[0m [38;2;136;136;136mINFO   [0m [38;2;215;119;87m[isaac_env][0m [38;2;255;255;255mKinematic patient steering state[0m
[38;2;136;136;136m20:43:29[0m [38;2;136;136;136mINFO   [0m [38;2;215;119;87m[isaac_env][0m [38;2;255;255;255mMasked followed person out of parkour depth input[0m
[38;2;136;136;136m20:43:31[0m [38;2;136;136;136mINFO   [0m [38;2;215;119;87m[isaac_env][0m [38;2;255;255;255mPGTT heightscan diagnostic[0m
[38;2;136;136;136m20:43:34[0m [38;2;136;136;136mINFO   [0m [38;2;215;119;87m[isaac_env][0m [38;2;255;255;255mKinematic patient steering state[0m
[38;2;136;136;136m20:43:34[0m [38;2;136;136;136mINFO   [0m [38;2;215;119;87m[isaac_env][0m [38;2;255;255;255mMasked followed person out of parkour depth input[0m
[38;2;136;136;136m20:43:39[0m [38;2;136;136;136mINFO   [0m [38;2;215;119;87m[isaac_env][0m [38;2;255;255;255mKinematic patient steering state[0m
[38;2;136;136;136m20:43:39[0m [38;2;136;136;136mINFO   [0m [38;2;215;119;87m[isaac_env][0m [38;2;255;255;255mMasked followed person out of parkour depth input[0m
[38;2;136;136;136m20:43:41[0m [38;2;136;136;136mINFO   [0m [38;2;215;119;87m[isaac_env][0m [38;2;255;255;255mPGTT heightscan diagnostic[0m
[38;2;136;136;136m20:43:44[0m [38;2;136;136;136mINFO   [0m [38;2;215;119;87m[isaac_env][0m [38;2;255;255;255mKinematic patient steering state[0m
[38;2;136;136;136m20:43:44[0m [38;2;136;136;136mINFO   [0m [38;2;215;119;87m[isaac_env][0m [38;2;255;255;255mMasked followed person out of parkour depth input[0m
[38;2;136;136;136m20:43:48[0m [38;2;136;136;136mINFO   [0m [38;2;215;119;87m[isaac_env][0m [38;2;255;255;255mKinematic patient steering state[0m
[38;2;136;136;136m20:43:48[0m [38;2;136;136;136mINFO   [0m [38;2;215;119;87m[isaac_env][0m [38;2;255;255;255mMasked followed person out of parkour depth input[0m
[38;2;136;136;136m20:43:50[0m [38;2;136;136;136mINFO   [0m [38;2;215;119;87m[isaac_env][0m [38;2;255;255;255mPGTT heightscan diagnostic[0m
[38;2;136;136;136m20:43:53[0m [38;2;136;136;136mINFO   [0m [38;2;215;119;87m[isaac_env][0m [38;2;255;255;255mKinematic patient steering state[0m
[38;2;136;136;136m20:43:53[0m [38;2;136;136;136mINFO   [0m [38;2;215;119;87m[isaac_env][0m [38;2;255;255;255mMasked followed person out of parkour depth input[0m
[38;2;136;136;136m20:43:57[0m [38;2;136;136;136mINFO   [0m [38;2;215;119;87m[isaac_env][0m [38;2;255;255;255mKinematic patient steering state[0m
[38;2;136;136;136m20:43:57[0m [38;2;136;136;136mINFO   [0m [38;2;215;119;87m[isaac_env][0m [38;2;255;255;255mMasked followed person out of parkour depth input[0m
[38;2;136;136;136m20:43:59[0m [38;2;136;136;136mINFO   [0m [38;2;215;119;87m[isaac_env][0m [38;2;255;255;255mPGTT heightscan diagnostic[0m
[38;2;136;136;136m20:44:02[0m [38;2;136;136;136mINFO   [0m [38;2;215;119;87m[isaac_env][0m [38;2;255;255;255mKinematic patient steering state[0m
[38;2;136;136;136m20:44:02[0m [38;2;136;136;136mINFO   [0m [38;2;215;119;87m[isaac_env][0m [38;2;255;255;255mMasked followed person out of parkour depth input[0m
[38;2;136;136;136m20:44:07[0m [38;2;136;136;136mINFO   [0m [38;2;215;119;87m[isaac_env][0m [38;2;255;255;255mKinematic patient steering state[0m
[38;2;136;136;136m20:44:07[0m [38;2;136;136;136mINFO   [0m [38;2;215;119;87m[isaac_env][0m [38;2;255;255;255mMasked followed person out of parkour depth input[0m
[38;2;136;136;136m20:44:09[0m [38;2;136;136;136mINFO   [0m [38;2;215;119;87m[isaac_env][0m [38;2;255;255;255mPGTT heightscan diagnostic[0m
[38;2;136;136;136m20:44:12[0m [38;2;136;136;136mINFO   [0m [38;2;215;119;87m[isaac_env][0m [38;2;255;255;255mKinematic patient steering state[0m
[38;2;136;136;136m20:44:12[0m [38;2;136;136;136mINFO   [0m [38;2;215;119;87m[isaac_env][0m [38;2;255;255;255mMasked followed person out of parkour depth input[0m
[38;2;136;136;136m20:44:17[0m [38;2;136;136;136mINFO   [0m [38;2;215;119;87m[isaac_env][0m [38;2;255;255;255mKinematic patient steering state[0m
[38;2;136;136;136m20:44:17[0m [38;2;136;136;136mINFO   [0m [38;2;215;119;87m[isaac_env][0m [38;2;255;255;255mMasked followed person out of parkour depth input[0m
[38;2;136;136;136m20:44:18[0m [38;2;136;136;136mINFO   [0m [38;2;215;119;87m[isaac_env][0m [38;2;255;255;255mPGTT heightscan diagnostic[0m
[38;2;136;136;136m20:44:22[0m [38;2;136;136;136mINFO   [0m [38;2;215;119;87m[isaac_env][0m [38;2;255;255;255mKinematic patient steering state[0m
[38;2;136;136;136m20:44:22[0m [38;2;136;136;136mINFO   [0m [38;2;215;119;87m[isaac_env][0m [38;2;255;255;255mMasked followed person out of parkour depth input[0m
[38;2;136;136;136m20:44:26[0m [38;2;136;136;136mINFO   [0m [38;2;215;119;87m[isaac_env][0m [38;2;255;255;255mKinematic patient steering state[0m
[38;2;136;136;136m20:44:26[0m [38;2;136;136;136mINFO   [0m [38;2;215;119;87m[isaac_env][0m [38;2;255;255;255mMasked followed person out of parkour depth input[0m
[38;2;136;136;136m20:44:28[0m [38;2;136;136;136mINFO   [0m [38;2;215;119;87m[isaac_env][0m [38;2;255;255;255mPGTT heightscan diagnostic[0m
[38;2;136;136;136m20:44:30[0m [38;2;136;136;136mINFO   [0m [38;2;215;119;87m[isaac_env][0m [38;2;255;255;255mKinematic patient steering state[0m
[38;2;136;136;136m20:44:30[0m [38;2;136;136;136mINFO   [0m [38;2;215;119;87m[isaac_env][0m [38;2;255;255;255mMasked followed person out of parkour depth input[0m
[38;2;136;136;136m20:44:35[0m [38;2;136;136;136mINFO   [0m [38;2;215;119;87m[isaac_env][0m [38;2;255;255;255mKinematic patient steering state[0m
[38;2;136;136;136m20:44:35[0m [38;2;136;136;136mINFO   [0m [38;2;215;119;87m[isaac_env][0m [38;2;255;255;255mMasked followed person out of parkour depth input[0m
[38;2;136;136;136m20:44:36[0m [38;2;136;136;136mINFO   [0m [38;2;215;119;87m[isaac_env][0m [38;2;255;255;255mPGTT heightscan diagnostic[0m
[38;2;136;136;136m20:44:39[0m [38;2;136;136;136mINFO   [0m [38;2;215;119;87m[isaac_env][0m [38;2;255;255;255mKinematic patient steering state[0m
[38;2;136;136;136m20:44:39[0m [38;2;136;136;136mINFO   [0m [38;2;215;119;87m[isaac_env][0m [38;2;255;255;255mMasked followed person out of parkour depth input[0m
[38;2;136;136;136m20:44:43[0m [38;2;136;136;136mINFO   [0m [38;2;215;119;87m[isaac_env][0m [38;2;255;255;255mKinematic patient steering state[0m
[38;2;136;136;136m20:44:43[0m [38;2;136;136;136mINFO   [0m [38;2;215;119;87m[isaac_env][0m [38;2;255;255;255mMasked followed person out of parkour depth input[0m
[38;2;136;136;136m20:44:45[0m [38;2;136;136;136mINFO   [0m [38;2;215;119;87m[isaac_env][0m [38;2;255;255;255mPGTT heightscan diagnostic[0m
[38;2;136;136;136m20:44:47[0m [38;2;136;136;136mINFO   [0m [38;2;215;119;87m[isaac_env][0m [38;2;255;255;255mKinematic patient steering state[0m
[38;2;136;136;136m20:44:48[0m [38;2;136;136;136mINFO   [0m [38;2;215;119;87m[isaac_env][0m [38;2;255;255;255mMasked followed person out of parkour depth input[0m
[38;2;136;136;136m20:44:51[0m [38;2;136;136;136mINFO   [0m [38;2;215;119;87m[isaac_env][0m [38;2;255;255;255mKinematic patient steering state[0m
[38;2;136;136;136m20:44:51[0m [38;2;136;136;136mINFO   [0m [38;2;215;119;87m[isaac_env][0m [38;2;255;255;255mMasked followed person out of parkour depth input[0m
[38;2;136;136;136m20:44:53[0m [38;2;136;136;136mINFO   [0m [38;2;215;119;87m[isaac_env][0m [38;2;255;255;255mPGTT heightscan diagnostic[0m
[38;2;136;136;136m20:44:56[0m [38;2;136;136;136mINFO   [0m [38;2;215;119;87m[isaac_env][0m [38;2;255;255;255mKinematic patient steering state[0m
[38;2;136;136;136m20:44:56[0m [38;2;136;136;136mINFO   [0m [38;2;215;119;87m[isaac_env][0m [38;2;255;255;255mMasked followed person out of parkour depth input[0m
[38;2;136;136;136m20:45:00[0m [38;2;136;136;136mINFO   [0m [38;2;215;119;87m[isaac_env][0m [38;2;255;255;255mKinematic patient steering state[0m
[38;2;136;136;136m20:45:00[0m [38;2;136;136;136mINFO   [0m [38;2;215;119;87m[isaac_env][0m [38;2;255;255;255mMasked followed person out of parkour depth input[0m
[38;2;136;136;136m20:45:01[0m [38;2;136;136;136mINFO   [0m [38;2;215;119;87m[isaac_env][0m [38;2;255;255;255mPGTT heightscan diagnostic[0m
[38;2;136;136;136m20:45:04[0m [38;2;136;136;136mINFO   [0m [38;2;215;119;87m[isaac_env][0m [38;2;255;255;255mKinematic patient steering state[0m
[38;2;136;136;136m20:45:04[0m [38;2;136;136;136mINFO   [0m [38;2;215;119;87m[isaac_env][0m [38;2;255;255;255mMasked followed person out of parkour depth input[0m
[38;2;136;136;136m20:45:08[0m [38;2;136;136;136mINFO   [0m [38;2;215;119;87m[isaac_env][0m [38;2;255;255;255mKinematic patient steering state[0m
[38;2;136;136;136m20:45:09[0m [38;2;136;136;136mINFO   [0m [38;2;215;119;87m[isaac_env][0m [38;2;255;255;255mMasked followed person out of parkour depth input[0m
[38;2;136;136;136m20:45:10[0m [38;2;136;136;136mINFO   [0m [38;2;215;119;87m[isaac_env][0m [38;2;255;255;255mPGTT heightscan diagnostic[0m
[38;2;136;136;136m20:45:13[0m [38;2;136;136;136mINFO   [0m [38;2;215;119;87m[isaac_env][0m [38;2;255;255;255mKinematic patient steering state[0m
[38;2;136;136;136m20:45:13[0m [38;2;136;136;136mINFO   [0m [38;2;215;119;87m[isaac_env][0m [38;2;255;255;255mMasked followed person out of parkour depth input[0m
[38;2;136;136;136m20:45:17[0m [38;2;136;136;136mINFO   [0m [38;2;215;119;87m[isaac_env][0m [38;2;255;255;255mPatient reached the stair base (x=2.001); resetting gait phase to 0.250 for centered footfall on tread 1[0m
[38;2;136;136;136m20:45:19[0m [38;2;136;136;136mINFO   [0m [38;2;215;119;87m[isaac_env][0m [38;2;255;255;255mKinematic patient steering state[0m
[38;2;136;136;136m20:45:19[0m [38;2;136;136;136mINFO   [0m [38;2;215;119;87m[isaac_env][0m [38;2;255;255;255mMasked followed person out of parkour depth input[0m
[38;2;136;136;136m20:45:20[0m [38;2;136;136;136mINFO   [0m [38;2;215;119;87m[isaac_env][0m [38;2;255;255;255mPGTT heightscan diagnostic[0m
[38;2;136;136;136m20:45:24[0m [38;2;136;136;136mINFO   [0m [38;2;215;119;87m[isaac_env][0m [38;2;255;255;255mKinematic patient steering state[0m
[38;2;136;136;136m20:45:24[0m [38;2;136;136;136mINFO   [0m [38;2;215;119;87m[isaac_env][0m [38;2;255;255;255mMasked followed person out of parkour depth input[0m
[38;2;136;136;136m20:45:28[0m [38;2;136;136;136mINFO   [0m [38;2;215;119;87m[isaac_env][0m [38;2;255;255;255mKinematic patient steering state[0m
[38;2;136;136;136m20:45:28[0m [38;2;136;136;136mINFO   [0m [38;2;215;119;87m[isaac_env][0m [38;2;255;255;255mMasked followed person out of parkour depth input[0m
[38;2;136;136;136m20:45:30[0m [38;2;136;136;136mINFO   [0m [38;2;215;119;87m[isaac_env][0m [38;2;255;255;255mPGTT heightscan diagnostic[0m
[38;2;136;136;136m20:45:32[0m [38;2;136;136;136mINFO   [0m [38;2;215;119;87m[isaac_env][0m [38;2;255;255;255mSynthetic locomotion stair telemetry is active; body-height and anti-tip assist are disabled[0m
[38;2;136;136;136m20:45:34[0m [38;2;136;136;136mINFO   [0m [38;2;215;119;87m[isaac_env][0m [38;2;255;255;255mKinematic patient steering state[0m
[38;2;136;136;136m20:45:34[0m [38;2;136;136;136mINFO   [0m [38;2;215;119;87m[isaac_env][0m [38;2;255;255;255mMasked followed person out of parkour depth input[0m
[38;2;136;136;136m20:45:38[0m [38;2;136;136;136mINFO   [0m [38;2;215;119;87m[isaac_env][0m [38;2;255;255;255mKinematic patient steering state[0m
[38;2;136;136;136m20:45:40[0m [38;2;136;136;136mINFO   [0m [38;2;215;119;87m[isaac_env][0m [38;2;255;255;255mPGTT heightscan diagnostic[0m
[38;2;136;136;136m20:45:43[0m [38;2;136;136;136mINFO   [0m [38;2;215;119;87m[isaac_env][0m [38;2;255;255;255mKinematic patient steering state[0m
[38;2;136;136;136m20:45:43[0m [38;2;136;136;136mINFO   [0m [38;2;215;119;87m[isaac_env][0m [38;2;255;255;255mMasked followed person out of parkour depth input[0m
[38;2;136;136;136m20:45:47[0m [38;2;136;136;136mINFO   [0m [38;2;215;119;87m[isaac_env][0m [38;2;255;255;255mKinematic patient steering state[0m
[38;2;136;136;136m20:45:47[0m [38;2;136;136;136mINFO   [0m [38;2;215;119;87m[isaac_env][0m [38;2;255;255;255mMasked followed person out of parkour depth input[0m
[38;2;136;136;136m20:45:48[0m [38;2;136;136;136mINFO   [0m [38;2;215;119;87m[isaac_env][0m [38;2;255;255;255mPGTT heightscan diagnostic[0m
[38;2;136;136;136m20:45:51[0m [38;2;136;136;136mINFO   [0m [38;2;215;119;87m[isaac_env][0m [38;2;255;255;255mKinematic patient steering state[0m
[38;2;136;136;136m20:45:55[0m [38;2;136;136;136mINFO   [0m [38;2;215;119;87m[isaac_env][0m [38;2;255;255;255mKinematic patient steering state[0m
[38;2;136;136;136m20:45:57[0m [38;2;136;136;136mINFO   [0m [38;2;215;119;87m[isaac_env][0m [38;2;255;255;255mPGTT heightscan diagnostic[0m
[38;2;136;136;136m20:46:00[0m [38;2;136;136;136mINFO   [0m [38;2;215;119;87m[isaac_env][0m [38;2;255;255;255mKinematic patient steering state[0m
[38;2;136;136;136m20:46:01[0m [38;2;136;136;136mINFO   [0m [38;2;215;119;87m[isaac_env][0m [38;2;255;255;255mHanding off PGTT -> blind_rl stair climber[0m
[38;2;136;136;136m20:46:01[0m [38;2;136;136;136mINFO   [0m [38;2;215;119;87m[isaac_env][0m [38;2;255;255;255mSet Go2 articulation drive gains (radian units)[0m
[38;2;136;136;136m20:46:02[0m [38;2;136;136;136mINFO   [0m [38;2;215;119;87m[isaac_env][0m [38;2;255;255;255mHot-swapped PGTT -> blind (proprioceptive) RL policy for the climb[0m
[38;2;136;136;136m20:46:02[0m [38;2;136;136;136mINFO   [0m [38;2;215;119;87m[isaac_env][0m [38;2;255;255;255mRL observation segments (policy order FR,FL,RR,RL)[0m
[38;2;136;136;136m20:46:02[0m [38;2;136;136;136mINFO   [0m [38;2;215;119;87m[isaac_env][0m [38;2;255;255;255mRL observation segments (policy order FR,FL,RR,RL)[0m
[38;2;136;136;136m20:46:02[0m [38;2;136;136;136mINFO   [0m [38;2;215;119;87m[isaac_env][0m [38;2;255;255;255mRL observation segments (policy order FR,FL,RR,RL)[0m
[38;2;136;136;136m20:46:04[0m [38;2;136;136;136mINFO   [0m [38;2;215;119;87m[isaac_env][0m [38;2;255;255;255mKinematic patient steering state[0m
[38;2;136;136;136m20:46:08[0m [38;2;136;136;136mINFO   [0m [38;2;215;119;87m[isaac_env][0m [38;2;255;255;255mKinematic patient steering state[0m
[38;2;136;136;136m20:46:12[0m [38;2;136;136;136mINFO   [0m [38;2;215;119;87m[isaac_env][0m [38;2;255;255;255mKinematic patient steering state[0m
[38;2;136;136;136m20:46:13[0m [38;2;136;136;136mINFO   [0m [38;2;215;119;87m[isaac_env][0m [38;2;255;255;255mRobot entered the staircase phase; keeping the run alive so the climb is visible[0m
[38;2;136;136;136m20:46:16[0m [38;2;136;136;136mINFO   [0m [38;2;215;119;87m[isaac_env][0m [38;2;255;255;255mKinematic patient steering state[0m
[38;2;136;136;136m20:46:21[0m [38;2;136;136;136mINFO   [0m [38;2;215;119;87m[isaac_env][0m [38;2;255;255;255mKinematic patient steering state[0m
[38;2;136;136;136m20:46:25[0m [38;2;136;136;136mINFO   [0m [38;2;215;119;87m[isaac_env][0m [38;2;255;255;255mKinematic patient steering state[0m
[38;2;136;136;136m20:46:29[0m [38;2;136;136;136mINFO   [0m [38;2;215;119;87m[isaac_env][0m [38;2;255;255;255mKinematic patient steering state[0m
[38;2;136;136;136m20:46:33[0m [38;2;136;136;136mINFO   [0m [38;2;215;119;87m[isaac_env][0m [38;2;255;255;255mKinematic patient steering state[0m
[38;2;136;136;136m20:46:38[0m [38;2;136;136;136mINFO   [0m [38;2;215;119;87m[isaac_env][0m [38;2;255;255;255mKinematic patient steering state[0m
[38;2;136;136;136m20:46:42[0m [38;2;136;136;136mINFO   [0m [38;2;215;119;87m[isaac_env][0m [38;2;255;255;255mKinematic patient steering state[0m
[38;2;136;136;136m20:46:46[0m [38;2;136;136;136mINFO   [0m [38;2;215;119;87m[isaac_env][0m [38;2;255;255;255mKinematic patient steering state[0m
[38;2;136;136;136m20:46:50[0m [38;2;136;136;136mINFO   [0m [38;2;215;119;87m[isaac_env][0m [38;2;255;255;255mKinematic patient steering state[0m
[38;2;136;136;136m20:46:50[0m [38;2;136;136;136mINFO   [0m [38;2;215;119;87m[isaac_env][0m [38;2;255;255;255mMasked followed person out of parkour depth input[0m
[38;2;136;136;136m20:46:54[0m [38;2;136;136;136mINFO   [0m [38;2;215;119;87m[isaac_env][0m [38;2;255;255;255mKinematic patient steering state[0m
[38;2;136;136;136m20:46:54[0m [38;2;136;136;136mINFO   [0m [38;2;215;119;87m[isaac_env][0m [38;2;255;255;255mMasked followed person out of parkour depth input[0m
[38;2;136;136;136m20:46:59[0m [38;2;136;136;136mINFO   [0m [38;2;215;119;87m[isaac_env][0m [38;2;255;255;255mKinematic patient steering state[0m
[38;2;136;136;136m20:47:03[0m [38;2;136;136;136mINFO   [0m [38;2;215;119;87m[isaac_env][0m [38;2;255;255;255mFinal-scene recording camera selected a clear cinematic vantage[0m
[38;2;136;136;136m20:47:03[0m [38;2;136;136;136mINFO   [0m [38;2;215;119;87m[isaac_env][0m [38;2;255;255;255mFinal-scene recording camera selected a clear cinematic vantage[0m
[38;2;136;136;136m20:47:04[0m [38;2;136;136;136mINFO   [0m [38;2;215;119;87m[isaac_env][0m [38;2;255;255;255mKinematic patient steering state[0m
[38;2;136;136;136m20:47:08[0m [38;2;136;136;136mINFO   [0m [38;2;215;119;87m[isaac_env][0m [38;2;255;255;255mKinematic patient steering state[0m
[38;2;136;136;136m20:47:08[0m [38;2;136;136;136mINFO   [0m [38;2;215;119;87m[isaac_env][0m [38;2;255;255;255mMasked followed person out of parkour depth input[0m
[38;2;136;136;136m20:47:13[0m [38;2;136;136;136mINFO   [0m [38;2;215;119;87m[isaac_env][0m [38;2;255;255;255mKinematic patient steering state[0m
[38;2;136;136;136m20:47:13[0m [38;2;136;136;136mINFO   [0m [38;2;215;119;87m[isaac_env][0m [38;2;255;255;255mMasked followed person out of parkour depth input[0m
[38;2;136;136;136m20:47:17[0m [38;2;136;136;136mINFO   [0m [38;2;215;119;87m[isaac_env][0m [38;2;255;255;255mKinematic patient steering state[0m
[38;2;136;136;136m20:47:18[0m [38;2;136;136;136mINFO   [0m [38;2;215;119;87m[isaac_env][0m [38;2;255;255;255mMasked followed person out of parkour depth input[0m
[38;2;136;136;136m20:47:22[0m [38;2;136;136;136mINFO   [0m [38;2;215;119;87m[isaac_env][0m [38;2;255;255;255mKinematic patient steering state[0m
[38;2;136;136;136m20:47:22[0m [38;2;136;136;136mINFO   [0m [38;2;215;119;87m[isaac_env][0m [38;2;255;255;255mMasked followed person out of parkour depth input[0m
[38;2;136;136;136m20:47:26[0m [38;2;136;136;136mINFO   [0m [38;2;215;119;87m[isaac_env][0m [38;2;255;255;255mKinematic patient steering state[0m
[38;2;136;136;136m20:47:26[0m [38;2;136;136;136mINFO   [0m [38;2;215;119;87m[isaac_env][0m [38;2;255;255;255mMasked followed person out of parkour depth input[0m
[38;2;136;136;136m20:47:31[0m [38;2;136;136;136mINFO   [0m [38;2;215;119;87m[isaac_env][0m [38;2;255;255;255mKinematic patient steering state[0m
[38;2;136;136;136m20:47:31[0m [38;2;136;136;136mINFO   [0m [38;2;215;119;87m[isaac_env][0m [38;2;255;255;255mMasked followed person out of parkour depth input[0m
[38;2;136;136;136m20:47:36[0m [38;2;136;136;136mINFO   [0m [38;2;215;119;87m[isaac_env][0m [38;2;255;255;255mKinematic patient steering state[0m
[38;2;136;136;136m20:47:36[0m [38;2;136;136;136mINFO   [0m [38;2;215;119;87m[isaac_env][0m [38;2;255;255;255mMasked followed person out of parkour depth input[0m
[38;2;136;136;136m20:47:41[0m [38;2;136;136;136mINFO   [0m [38;2;215;119;87m[isaac_env][0m [38;2;255;255;255mKinematic patient steering state[0m
[38;2;136;136;136m20:47:41[0m [38;2;136;136;136mINFO   [0m [38;2;215;119;87m[isaac_env][0m [38;2;255;255;255mMasked followed person out of parkour depth input[0m
[38;2;136;136;136m20:47:46[0m [38;2;136;136;136mINFO   [0m [38;2;215;119;87m[isaac_env][0m [38;2;255;255;255mKinematic patient steering state[0m
[38;2;136;136;136m20:47:51[0m [38;2;136;136;136mINFO   [0m [38;2;215;119;87m[isaac_env][0m [38;2;255;255;255mKinematic patient steering state[0m
[38;2;136;136;136m20:47:56[0m [38;2;136;136;136mINFO   [0m [38;2;215;119;87m[isaac_env][0m [38;2;255;255;255mKinematic patient steering state[0m
[38;2;136;136;136m20:47:56[0m [38;2;136;136;136mINFO   [0m [38;2;215;119;87m[isaac_env][0m [38;2;255;255;255mMasked followed person out of parkour depth input[0m
[38;2;136;136;136m20:48:00[0m [38;2;136;136;136mINFO   [0m [38;2;215;119;87m[isaac_env][0m [38;2;255;255;255mKinematic patient steering state[0m
[38;2;136;136;136m20:48:00[0m [38;2;136;136;136mINFO   [0m [38;2;215;119;87m[isaac_env][0m [38;2;255;255;255mMasked followed person out of parkour depth input[0m
[38;2;136;136;136m20:48:04[0m [38;2;136;136;136mINFO   [0m [38;2;215;119;87m[isaac_env][0m [38;2;255;255;255mKinematic patient steering state[0m
[38;2;136;136;136m20:48:04[0m [38;2;136;136;136mINFO   [0m [38;2;215;119;87m[isaac_env][0m [38;2;255;255;255mMasked followed person out of parkour depth input[0m
[38;2;136;136;136m20:48:09[0m [38;2;136;136;136mINFO   [0m [38;2;215;119;87m[isaac_env][0m [38;2;255;255;255mKinematic patient steering state[0m
[38;2;136;136;136m20:48:09[0m [38;2;136;136;136mINFO   [0m [38;2;215;119;87m[isaac_env][0m [38;2;255;255;255mMasked followed person out of parkour depth input[0m
[38;2;136;136;136m20:48:14[0m [38;2;136;136;136mINFO   [0m [38;2;215;119;87m[isaac_env][0m [38;2;255;255;255mKinematic patient steering state[0m
[38;2;136;136;136m20:48:14[0m [38;2;136;136;136mINFO   [0m [38;2;215;119;87m[isaac_env][0m [38;2;255;255;255mMasked followed person out of parkour depth input[0m
[38;2;136;136;136m20:48:18[0m [38;2;136;136;136mINFO   [0m [38;2;215;119;87m[isaac_env][0m [38;2;255;255;255mKinematic patient steering state[0m
[38;2;136;136;136m20:48:18[0m [38;2;136;136;136mINFO   [0m [38;2;215;119;87m[isaac_env][0m [38;2;255;255;255mMasked followed person out of parkour depth input[0m
[38;2;136;136;136m20:48:22[0m [38;2;136;136;136mINFO   [0m [38;2;215;119;87m[isaac_env][0m [38;2;255;255;255mKinematic patient steering state[0m
[38;2;136;136;136m20:48:22[0m [38;2;136;136;136mINFO   [0m [38;2;215;119;87m[isaac_env][0m [38;2;255;255;255mMasked followed person out of parkour depth input[0m
[38;2;136;136;136m20:48:26[0m [38;2;136;136;136mINFO   [0m [38;2;215;119;87m[isaac_env][0m [38;2;255;255;255mKinematic patient steering state[0m
[38;2;136;136;136m20:48:26[0m [38;2;136;136;136mINFO   [0m [38;2;215;119;87m[isaac_env][0m [38;2;255;255;255mMasked followed person out of parkour depth input[0m
[38;2;136;136;136m20:48:30[0m [38;2;136;136;136mINFO   [0m [38;2;215;119;87m[isaac_env][0m [38;2;255;255;255mKinematic patient steering state[0m
[38;2;136;136;136m20:48:30[0m [38;2;136;136;136mINFO   [0m [38;2;215;119;87m[isaac_env][0m [38;2;255;255;255mMasked followed person out of parkour depth input[0m
[38;2;136;136;136m20:48:34[0m [38;2;136;136;136mINFO   [0m [38;2;215;119;87m[isaac_env][0m [38;2;255;255;255mKinematic patient steering state[0m
[38;2;136;136;136m20:48:34[0m [38;2;136;136;136mINFO   [0m [38;2;215;119;87m[isaac_env][0m [38;2;255;255;255mMasked followed person out of parkour depth input[0m
[38;2;136;136;136m20:48:38[0m [38;2;136;136;136mINFO   [0m [38;2;215;119;87m[isaac_env][0m [38;2;255;255;255mKinematic patient steering state[0m
[38;2;136;136;136m20:48:38[0m [38;2;136;136;136mINFO   [0m [38;2;215;119;87m[isaac_env][0m [38;2;255;255;255mMasked followed person out of parkour depth input[0m
[38;2;136;136;136m20:48:42[0m [38;2;136;136;136mINFO   [0m [38;2;215;119;87m[isaac_env][0m [38;2;255;255;255mKinematic patient steering state[0m
[38;2;136;136;136m20:48:42[0m [38;2;136;136;136mINFO   [0m [38;2;215;119;87m[isaac_env][0m [38;2;255;255;255mMasked followed person out of parkour depth input[0m
[38;2;136;136;136m20:48:46[0m [38;2;136;136;136mINFO   [0m [38;2;215;119;87m[isaac_env][0m [38;2;255;255;255mKinematic patient steering state[0m
[38;2;136;136;136m20:48:46[0m [38;2;136;136;136mINFO   [0m [38;2;215;119;87m[isaac_env][0m [38;2;255;255;255mMasked followed person out of parkour depth input[0m
[38;2;136;136;136m20:48:50[0m [38;2;136;136;136mINFO   [0m [38;2;215;119;87m[isaac_env][0m [38;2;255;255;255mKinematic patient steering state[0m
[38;2;136;136;136m20:48:50[0m [38;2;136;136;136mINFO   [0m [38;2;215;119;87m[isaac_env][0m [38;2;255;255;255mMasked followed person out of parkour depth input[0m
[38;2;136;136;136m20:48:54[0m [38;2;136;136;136mINFO   [0m [38;2;215;119;87m[isaac_env][0m [38;2;255;255;255mKinematic patient steering state[0m
[38;2;136;136;136m20:48:54[0m [38;2;136;136;136mINFO   [0m [38;2;215;119;87m[isaac_env][0m [38;2;255;255;255mMasked followed person out of parkour depth input[0m
[38;2;136;136;136m20:48:58[0m [38;2;136;136;136mINFO   [0m [38;2;215;119;87m[isaac_env][0m [38;2;255;255;255mKinematic patient steering state[0m
[38;2;136;136;136m20:48:58[0m [38;2;136;136;136mINFO   [0m [38;2;215;119;87m[isaac_env][0m [38;2;255;255;255mMasked followed person out of parkour depth input[0m
[38;2;136;136;136m20:49:02[0m [38;2;136;136;136mINFO   [0m [38;2;215;119;87m[isaac_env][0m [38;2;255;255;255mKinematic patient steering state[0m
[38;2;136;136;136m20:49:02[0m [38;2;136;136;136mINFO   [0m [38;2;215;119;87m[isaac_env][0m [38;2;255;255;255mMasked followed person out of parkour depth input[0m
[38;2;136;136;136m20:49:06[0m [38;2;136;136;136mINFO   [0m [38;2;215;119;87m[isaac_env][0m [38;2;255;255;255mKinematic patient steering state[0m
[38;2;136;136;136m20:49:06[0m [38;2;136;136;136mINFO   [0m [38;2;215;119;87m[isaac_env][0m [38;2;255;255;255mMasked followed person out of parkour depth input[0m
[38;2;136;136;136m20:49:10[0m [38;2;136;136;136mINFO   [0m [38;2;215;119;87m[isaac_env][0m [38;2;255;255;255mKinematic patient steering state[0m
[38;2;136;136;136m20:49:10[0m [38;2;136;136;136mINFO   [0m [38;2;215;119;87m[isaac_env][0m [38;2;255;255;255mMasked followed person out of parkour depth input[0m
[38;2;136;136;136m20:49:14[0m [38;2;136;136;136mINFO   [0m [38;2;215;119;87m[isaac_env][0m [38;2;255;255;255mKinematic patient steering state[0m
[38;2;136;136;136m20:49:14[0m [38;2;136;136;136mINFO   [0m [38;2;215;119;87m[isaac_env][0m [38;2;255;255;255mMasked followed person out of parkour depth input[0m
[38;2;136;136;136m20:49:18[0m [38;2;136;136;136mINFO   [0m [38;2;215;119;87m[isaac_env][0m [38;2;255;255;255mKinematic patient steering state[0m
[38;2;136;136;136m20:49:18[0m [38;2;136;136;136mINFO   [0m [38;2;215;119;87m[isaac_env][0m [38;2;255;255;255mMasked followed person out of parkour depth input[0m
[38;2;136;136;136m20:49:23[0m [38;2;136;136;136mINFO   [0m [38;2;215;119;87m[isaac_env][0m [38;2;255;255;255mKinematic patient steering state[0m
[38;2;136;136;136m20:49:23[0m [38;2;136;136;136mINFO   [0m [38;2;215;119;87m[isaac_env][0m [38;2;255;255;255mMasked followed person out of parkour depth input[0m
[38;2;136;136;136m20:49:26[0m [38;2;136;136;136mINFO   [0m [38;2;215;119;87m[isaac_env][0m [38;2;255;255;255mKinematic patient steering state[0m
[38;2;136;136;136m20:49:26[0m [38;2;136;136;136mINFO   [0m [38;2;215;119;87m[isaac_env][0m [38;2;255;255;255mMasked followed person out of parkour depth input[0m
[38;2;136;136;136m20:49:30[0m [38;2;136;136;136mINFO   [0m [38;2;215;119;87m[isaac_env][0m [38;2;255;255;255mKinematic patient steering state[0m
[38;2;136;136;136m20:49:31[0m [38;2;136;136;136mINFO   [0m [38;2;215;119;87m[isaac_env][0m [38;2;255;255;255mMasked followed person out of parkour depth input[0m
[38;2;136;136;136m20:49:35[0m [38;2;136;136;136mINFO   [0m [38;2;215;119;87m[isaac_env][0m [38;2;255;255;255mKinematic patient steering state[0m
[38;2;136;136;136m20:49:35[0m [38;2;136;136;136mINFO   [0m [38;2;215;119;87m[isaac_env][0m [38;2;255;255;255mMasked followed person out of parkour depth input[0m
[38;2;136;136;136m20:49:38[0m [38;2;136;136;136mINFO   [0m [38;2;215;119;87m[isaac_env][0m [38;2;255;255;255mKinematic patient steering state[0m
[38;2;136;136;136m20:49:38[0m [38;2;136;136;136mINFO   [0m [38;2;215;119;87m[isaac_env][0m [38;2;255;255;255mMasked followed person out of parkour depth input[0m
[38;2;136;136;136m20:49:43[0m [38;2;136;136;136mINFO   [0m [38;2;215;119;87m[isaac_env][0m [38;2;255;255;255mKinematic patient steering state[0m
[38;2;136;136;136m20:49:43[0m [38;2;136;136;136mINFO   [0m [38;2;215;119;87m[isaac_env][0m [38;2;255;255;255mMasked followed person out of parkour depth input[0m
[38;2;136;136;136m20:49:46[0m [38;2;136;136;136mINFO   [0m [38;2;215;119;87m[isaac_env][0m [38;2;255;255;255mKinematic patient steering state[0m
[38;2;136;136;136m20:49:47[0m [38;2;136;136;136mINFO   [0m [38;2;215;119;87m[isaac_env][0m [38;2;255;255;255mMasked followed person out of parkour depth input[0m
[38;2;136;136;136m20:49:51[0m [38;2;136;136;136mINFO   [0m [38;2;215;119;87m[isaac_env][0m [38;2;255;255;255mKinematic patient steering state[0m
[38;2;136;136;136m20:49:51[0m [38;2;136;136;136mINFO   [0m [38;2;215;119;87m[isaac_env][0m [38;2;255;255;255mMasked followed person out of parkour depth input[0m
[38;2;136;136;136m20:49:55[0m [38;2;136;136;136mINFO   [0m [38;2;215;119;87m[isaac_env][0m [38;2;255;255;255mKinematic patient steering state[0m
[38;2;136;136;136m20:49:55[0m [38;2;136;136;136mINFO   [0m [38;2;215;119;87m[isaac_env][0m [38;2;255;255;255mMasked followed person out of parkour depth input[0m
[38;2;136;136;136m20:49:59[0m [38;2;136;136;136mINFO   [0m [38;2;215;119;87m[isaac_env][0m [38;2;255;255;255mKinematic patient steering state[0m
[38;2;136;136;136m20:49:59[0m [38;2;136;136;136mINFO   [0m [38;2;215;119;87m[isaac_env][0m [38;2;255;255;255mMasked followed person out of parkour depth input[0m
[38;2;136;136;136m20:50:03[0m [38;2;136;136;136mINFO   [0m [38;2;215;119;87m[isaac_env][0m [38;2;255;255;255mKinematic patient steering state[0m
[38;2;136;136;136m20:50:03[0m [38;2;136;136;136mINFO   [0m [38;2;215;119;87m[isaac_env][0m [38;2;255;255;255mMasked followed person out of parkour depth input[0m
[38;2;136;136;136m20:50:07[0m [38;2;136;136;136mINFO   [0m [38;2;215;119;87m[isaac_env][0m [38;2;255;255;255mKinematic patient steering state[0m
[38;2;136;136;136m20:50:07[0m [38;2;136;136;136mINFO   [0m [38;2;215;119;87m[isaac_env][0m [38;2;255;255;255mMasked followed person out of parkour depth input[0m
[38;2;136;136;136m20:50:11[0m [38;2;136;136;136mINFO   [0m [38;2;215;119;87m[isaac_env][0m [38;2;255;255;255mKinematic patient steering state[0m
[38;2;136;136;136m20:50:11[0m [38;2;136;136;136mINFO   [0m [38;2;215;119;87m[isaac_env][0m [38;2;255;255;255mMasked followed person out of parkour depth input[0m
[38;2;136;136;136m20:50:16[0m [38;2;136;136;136mINFO   [0m [38;2;215;119;87m[isaac_env][0m [38;2;255;255;255mKinematic patient steering state[0m
[38;2;136;136;136m20:50:16[0m [38;2;136;136;136mINFO   [0m [38;2;215;119;87m[isaac_env][0m [38;2;255;255;255mMasked followed person out of parkour depth input[0m
[38;2;136;136;136m20:50:20[0m [38;2;136;136;136mINFO   [0m [38;2;215;119;87m[isaac_env][0m [38;2;255;255;255mKinematic patient steering state[0m
[38;2;136;136;136m20:50:20[0m [38;2;136;136;136mINFO   [0m [38;2;215;119;87m[isaac_env][0m [38;2;255;255;255mMasked followed person out of parkour depth input[0m
[38;2;136;136;136m20:50:24[0m [38;2;136;136;136mINFO   [0m [38;2;215;119;87m[isaac_env][0m [38;2;255;255;255mKinematic patient steering state[0m
[38;2;136;136;136m20:50:24[0m [38;2;136;136;136mINFO   [0m [38;2;215;119;87m[isaac_env][0m [38;2;255;255;255mMasked followed person out of parkour depth input[0m
[38;2;136;136;136m20:50:28[0m [38;2;136;136;136mINFO   [0m [38;2;215;119;87m[isaac_env][0m [38;2;255;255;255mKinematic patient steering state[0m
[38;2;136;136;136m20:50:28[0m [38;2;136;136;136mINFO   [0m [38;2;215;119;87m[isaac_env][0m [38;2;255;255;255mMasked followed person out of parkour depth input[0m
[38;2;136;136;136m20:50:32[0m [38;2;136;136;136mINFO   [0m [38;2;215;119;87m[isaac_env][0m [38;2;255;255;255mKinematic patient steering state[0m
[38;2;136;136;136m20:50:32[0m [38;2;136;136;136mINFO   [0m [38;2;215;119;87m[isaac_env][0m [38;2;255;255;255mMasked followed person out of parkour depth input[0m
[38;2;136;136;136m20:50:36[0m [38;2;136;136;136mINFO   [0m [38;2;215;119;87m[isaac_env][0m [38;2;255;255;255mKinematic patient steering state[0m
[38;2;136;136;136m20:50:36[0m [38;2;136;136;136mINFO   [0m [38;2;215;119;87m[isaac_env][0m [38;2;255;255;255mMasked followed person out of parkour depth input[0m
[38;2;136;136;136m20:50:40[0m [38;2;136;136;136mINFO   [0m [38;2;215;119;87m[isaac_env][0m [38;2;255;255;255mKinematic patient steering state[0m
[38;2;136;136;136m20:50:40[0m [38;2;136;136;136mINFO   [0m [38;2;215;119;87m[isaac_env][0m [38;2;255;255;255mMasked followed person out of parkour depth input[0m
[38;2;136;136;136m20:50:44[0m [38;2;136;136;136mINFO   [0m [38;2;215;119;87m[isaac_env][0m [38;2;255;255;255mKinematic patient steering state[0m
[38;2;136;136;136m20:50:45[0m [38;2;136;136;136mINFO   [0m [38;2;215;119;87m[isaac_env][0m [38;2;255;255;255mMasked followed person out of parkour depth input[0m
[38;2;136;136;136m20:50:49[0m [38;2;136;136;136mINFO   [0m [38;2;215;119;87m[isaac_env][0m [38;2;255;255;255mKinematic patient steering state[0m
[38;2;136;136;136m20:50:49[0m [38;2;136;136;136mINFO   [0m [38;2;215;119;87m[isaac_env][0m [38;2;255;255;255mMasked followed person out of parkour depth input[0m
[38;2;136;136;136m20:50:53[0m [38;2;136;136;136mINFO   [0m [38;2;215;119;87m[isaac_env][0m [38;2;255;255;255mKinematic patient steering state[0m
[38;2;136;136;136m20:50:53[0m [38;2;136;136;136mINFO   [0m [38;2;215;119;87m[isaac_env][0m [38;2;255;255;255mMasked followed person out of parkour depth input[0m
[38;2;136;136;136m20:50:58[0m [38;2;136;136;136mINFO   [0m [38;2;215;119;87m[isaac_env][0m [38;2;255;255;255mKinematic patient steering state[0m
[38;2;136;136;136m20:50:58[0m [38;2;136;136;136mINFO   [0m [38;2;215;119;87m[isaac_env][0m [38;2;255;255;255mMasked followed person out of parkour depth input[0m
[38;2;136;136;136m20:51:02[0m [38;2;136;136;136mINFO   [0m [38;2;215;119;87m[isaac_env][0m [38;2;255;255;255mKinematic patient steering state[0m
[38;2;136;136;136m20:51:02[0m [38;2;136;136;136mINFO   [0m [38;2;215;119;87m[isaac_env][0m [38;2;255;255;255mMasked followed person out of parkour depth input[0m
[38;2;136;136;136m20:51:06[0m [38;2;136;136;136mINFO   [0m [38;2;215;119;87m[isaac_env][0m [38;2;255;255;255mKinematic patient steering state[0m
[38;2;136;136;136m20:51:06[0m [38;2;136;136;136mINFO   [0m [38;2;215;119;87m[isaac_env][0m [38;2;255;255;255mMasked followed person out of parkour depth input[0m
[38;2;136;136;136m20:51:10[0m [38;2;136;136;136mINFO   [0m [38;2;215;119;87m[isaac_env][0m [38;2;255;255;255mKinematic patient steering state[0m
[38;2;136;136;136m20:51:10[0m [38;2;136;136;136mINFO   [0m [38;2;215;119;87m[isaac_env][0m [38;2;255;255;255mMasked followed person out of parkour depth input[0m
[38;2;136;136;136m20:51:10[0m [38;2;136;136;136mINFO   [0m [38;2;215;119;87m[isaac_env][0m [38;2;255;255;255mTop of staircase reached -- egress before handing back to PGTT[0m
[38;2;136;136;136m20:51:14[0m [38;2;136;136;136mINFO   [0m [38;2;215;119;87m[isaac_env][0m [38;2;255;255;255mKinematic patient steering state[0m
[38;2;136;136;136m20:51:14[0m [38;2;136;136;136mINFO   [0m [38;2;215;119;87m[isaac_env][0m [38;2;255;255;255mMasked followed person out of parkour depth input[0m
[38;2;136;136;136m20:51:16[0m [38;2;136;136;136mINFO   [0m [38;2;215;119;87m[isaac_env][0m [38;2;255;255;255mGo2 reached the top-landing region under synthetic stair perception/climb assist[0m
[38;2;136;136;136m20:51:16[0m [38;2;136;136;136mINFO   [0m [38;2;215;119;87m[isaac_env][0m [38;2;255;255;255mTop-down video recording finalized[0m
[38;2;136;136;136m20:51:16[0m [38;2;136;136;136mINFO   [0m [38;2;215;119;87m[isaac_env][0m [38;2;255;255;255mXT16 LiDAR preview recording finalized[0m
[38;2;136;136;136m20:51:17[0m [38;2;136;136;136mINFO   [0m [38;2;215;119;87m[isaac_env][0m [38;2;255;255;255mExternal scene_view recording finalized[0m
[38;2;136;136;136m20:51:17[0m [38;2;255;107;128mERROR  [0m [38;2;215;119;87m[isaac_env][0m [38;2;255;255;255mWarm episode raised; self-rebooting so the launcher boots fresh[0m
[691.197s] Simulation App Shutting Down
